birž. 12 14:20:27 nixos kernel: microcode: microcode updated early to revision 0x42a, date = 2023-02-14
birž. 12 14:20:27 nixos kernel: Linux version 6.1.31 (nixbld@localhost) (gcc (GCC) 12.2.0, GNU ld (GNU Binutils) 2.40) #1-NixOS SMP PREEMPT_DYNAMIC Tue May 30 13:03:33 UTC 2023
birž. 12 14:20:27 nixos kernel: Command line: BOOT_IMAGE=(hd0,gpt1)//kernels/2l05brrmb1ivggx7qb8x4ikm7zqwp37p-linux-6.1.31-bzImage init=/nix/store/5r96wzx3v4iqiy8jv59z8hlx8bwvjrd7-nixos-system-nixos-23.05.457.f0ba8235153/init loglevel=4 nvidia-drm.modeset=1 nvidia.NVreg_PreserveVideoMemoryAllocations=1
birž. 12 14:20:27 nixos kernel: x86/split lock detection: #AC: crashing the kernel on kernel split_locks and warning on user-space split_locks
birž. 12 14:20:27 nixos kernel: x86/fpu: Supporting XSAVE feature 0x001: 'x87 floating point registers'
birž. 12 14:20:27 nixos kernel: x86/fpu: Supporting XSAVE feature 0x002: 'SSE registers'
birž. 12 14:20:27 nixos kernel: x86/fpu: Supporting XSAVE feature 0x004: 'AVX registers'
birž. 12 14:20:27 nixos kernel: x86/fpu: Supporting XSAVE feature 0x200: 'Protection Keys User registers'
birž. 12 14:20:27 nixos kernel: x86/fpu: xstate_offset[2]:  576, xstate_sizes[2]:  256
birž. 12 14:20:27 nixos kernel: x86/fpu: xstate_offset[9]:  832, xstate_sizes[9]:    8
birž. 12 14:20:27 nixos kernel: x86/fpu: Enabled xstate features 0x207, context size is 840 bytes, using 'compacted' format.
birž. 12 14:20:27 nixos kernel: signal: max sigframe size: 3632
birž. 12 14:20:27 nixos kernel: BIOS-provided physical RAM map:
birž. 12 14:20:27 nixos kernel: BIOS-e820: [mem 0x0000000000000000-0x000000000009dfff] usable
birž. 12 14:20:27 nixos kernel: BIOS-e820: [mem 0x000000000009e000-0x000000000009efff] reserved
birž. 12 14:20:27 nixos kernel: BIOS-e820: [mem 0x000000000009f000-0x000000000009ffff] usable
birž. 12 14:20:27 nixos kernel: BIOS-e820: [mem 0x00000000000a0000-0x00000000000fffff] reserved
birž. 12 14:20:27 nixos kernel: BIOS-e820: [mem 0x0000000000100000-0x000000003eb92fff] usable
birž. 12 14:20:27 nixos kernel: BIOS-e820: [mem 0x000000003eb93000-0x000000003eb93fff] reserved
birž. 12 14:20:27 nixos kernel: BIOS-e820: [mem 0x000000003eb94000-0x000000003f46dfff] usable
birž. 12 14:20:27 nixos kernel: BIOS-e820: [mem 0x000000003f46e000-0x000000003f46efff] reserved
birž. 12 14:20:27 nixos kernel: BIOS-e820: [mem 0x000000003f46f000-0x00000000619b3fff] usable
birž. 12 14:20:27 nixos kernel: BIOS-e820: [mem 0x00000000619b4000-0x0000000064ab3fff] reserved
birž. 12 14:20:27 nixos kernel: BIOS-e820: [mem 0x0000000064ab4000-0x0000000064bb7fff] ACPI data
birž. 12 14:20:27 nixos kernel: BIOS-e820: [mem 0x0000000064bb8000-0x0000000064cd1fff] ACPI NVS
birž. 12 14:20:27 nixos kernel: BIOS-e820: [mem 0x0000000064cd2000-0x0000000067e65fff] reserved
birž. 12 14:20:27 nixos kernel: BIOS-e820: [mem 0x0000000067e66000-0x0000000067efefff] type 20
birž. 12 14:20:27 nixos kernel: BIOS-e820: [mem 0x0000000067eff000-0x0000000067efffff] usable
birž. 12 14:20:27 nixos kernel: BIOS-e820: [mem 0x0000000067f00000-0x000000006dffffff] reserved
birž. 12 14:20:27 nixos kernel: BIOS-e820: [mem 0x000000006e800000-0x000000006e9fffff] reserved
birž. 12 14:20:27 nixos kernel: BIOS-e820: [mem 0x000000006f000000-0x00000000743fffff] reserved
birž. 12 14:20:27 nixos kernel: BIOS-e820: [mem 0x00000000c0000000-0x00000000cfffffff] reserved
birž. 12 14:20:27 nixos kernel: BIOS-e820: [mem 0x00000000fe000000-0x00000000fe010fff] reserved
birž. 12 14:20:27 nixos kernel: BIOS-e820: [mem 0x00000000fec00000-0x00000000fec00fff] reserved
birž. 12 14:20:27 nixos kernel: BIOS-e820: [mem 0x00000000fed00000-0x00000000fed00fff] reserved
birž. 12 14:20:27 nixos kernel: BIOS-e820: [mem 0x00000000fed20000-0x00000000fed7ffff] reserved
birž. 12 14:20:27 nixos kernel: BIOS-e820: [mem 0x00000000fee00000-0x00000000fee00fff] reserved
birž. 12 14:20:27 nixos kernel: BIOS-e820: [mem 0x00000000ff000000-0x00000000ffffffff] reserved
birž. 12 14:20:27 nixos kernel: BIOS-e820: [mem 0x0000000100000000-0x000000048bbfffff] usable
birž. 12 14:20:27 nixos kernel: NX (Execute Disable) protection: active
birž. 12 14:20:27 nixos kernel: efi: EFI v2.80 by American Megatrends
birž. 12 14:20:27 nixos kernel: efi: ACPI=0x64bb7000 ACPI 2.0=0x64bb7014 TPMFinalLog=0x64c3f000 SMBIOS=0x67b8a000 SMBIOS 3.0=0x67b89000 MEMATTR=0x5e49e298 ESRT=0x5e51cc18 RNG=0x64ae7018 
birž. 12 14:20:27 nixos kernel: random: crng init done
birž. 12 14:20:27 nixos kernel: SMBIOS 3.5.0 present.
birž. 12 14:20:27 nixos kernel: DMI: Micro-Star International Co., Ltd. Thin GF63 12VE/MS-16R8, BIOS E16R8IMS.104 12/23/2022
birž. 12 14:20:27 nixos kernel: tsc: Detected 2500.000 MHz processor
birž. 12 14:20:27 nixos kernel: tsc: Detected 2496.000 MHz TSC
birž. 12 14:20:27 nixos kernel: e820: update [mem 0x00000000-0x00000fff] usable ==> reserved
birž. 12 14:20:27 nixos kernel: e820: remove [mem 0x000a0000-0x000fffff] usable
birž. 12 14:20:27 nixos kernel: last_pfn = 0x48bc00 max_arch_pfn = 0x400000000
birž. 12 14:20:27 nixos kernel: x86/PAT: Configuration [0-7]: WB  WC  UC- UC  WB  WP  UC- WT  
birž. 12 14:20:27 nixos kernel: last_pfn = 0x67f00 max_arch_pfn = 0x400000000
birž. 12 14:20:27 nixos kernel: esrt: Reserving ESRT space from 0x000000005e51cc18 to 0x000000005e51ccc8.
birž. 12 14:20:27 nixos kernel: e820: update [mem 0x5e51c000-0x5e51cfff] usable ==> reserved
birž. 12 14:20:27 nixos kernel: Using GB pages for direct mapping
birž. 12 14:20:27 nixos kernel: Incomplete global flushes, disabling PCID
birž. 12 14:20:27 nixos kernel: Secure boot disabled
birž. 12 14:20:27 nixos kernel: RAMDISK: [mem 0x35a63000-0x36d28fff]
birž. 12 14:20:27 nixos kernel: ACPI: Early table checksum verification disabled
birž. 12 14:20:27 nixos kernel: ACPI: RSDP 0x0000000064BB7014 000024 (v02 MSI_NB)
birž. 12 14:20:27 nixos kernel: ACPI: XSDT 0x0000000064BB6728 00012C (v01 MSI_NB MEGABOOK 01072009 AMI  01000013)
birž. 12 14:20:27 nixos kernel: ACPI: FACP 0x0000000064BB1000 000114 (v06 MSI_NB MEGABOOK 01072009 AMI  01000013)
birž. 12 14:20:27 nixos kernel: ACPI: DSDT 0x0000000064B24000 08CAC1 (v02 MSI_NB MEGABOOK 01072009 INTL 20200717)
birž. 12 14:20:27 nixos kernel: ACPI: FACS 0x0000000064CD1000 000040
birž. 12 14:20:27 nixos kernel: ACPI: SSDT 0x0000000064BB2000 003EAF (v02 DptfTb DptfTabl 00001000 INTL 20200717)
birž. 12 14:20:27 nixos kernel: ACPI: FIDT 0x0000000064B23000 00009C (v01 MSI_NB MEGABOOK 01072009 AMI  00010013)
birž. 12 14:20:27 nixos kernel: ACPI: MSDM 0x0000000064B22000 000055 (v03 MSI_NB MEGABOOK 01072009 AMI  01000013)
birž. 12 14:20:27 nixos kernel: ACPI: SLIC 0x0000000064B21000 000176 (v01 MSI_NB MEGABOOK 01072009 AMI  01000013)
birž. 12 14:20:27 nixos kernel: ACPI: SSDT 0x0000000064B20000 00038C (v02 PmaxDv Pmax_Dev 00000001 INTL 20200717)
birž. 12 14:20:27 nixos kernel: ACPI: SSDT 0x0000000064B1F000 00005C (v02 MSI_NB MsiNvs   00003000 INTL 20200717)
birž. 12 14:20:27 nixos kernel: ACPI: SSDT 0x0000000064B19000 005D34 (v02 CpuRef CpuSsdt  00003000 INTL 20200717)
birž. 12 14:20:27 nixos kernel: ACPI: SSDT 0x0000000064B16000 002935 (v02 SaSsdt SaSsdt   00003000 INTL 20200717)
birž. 12 14:20:27 nixos kernel: ACPI: SSDT 0x0000000064B12000 0033E9 (v02 INTEL  IgfxSsdt 00003000 INTL 20200717)
birž. 12 14:20:27 nixos kernel: ACPI: HPET 0x0000000064B11000 000038 (v01 MSI_NB MEGABOOK 01072009 AMI  01000013)
birž. 12 14:20:27 nixos kernel: ACPI: APIC 0x0000000064B10000 0001DC (v05 MSI_NB MEGABOOK 01072009 AMI  01000013)
birž. 12 14:20:27 nixos kernel: ACPI: MCFG 0x0000000064B0F000 00003C (v01 MSI_NB MEGABOOK 01072009 AMI  01000013)
birž. 12 14:20:27 nixos kernel: ACPI: SSDT 0x0000000064B07000 007947 (v02 MSI_NB AdlP_Rvp 00001000 INTL 20200717)
birž. 12 14:20:27 nixos kernel: ACPI: UEFI 0x0000000064C25000 000048 (v01 MSI_NB MEGABOOK 01072009 AMI  01000013)
birž. 12 14:20:27 nixos kernel: ACPI: LPIT 0x0000000064B06000 0000CC (v01 MSI_NB MEGABOOK 01072009 AMI  01000013)
birž. 12 14:20:27 nixos kernel: ACPI: SSDT 0x0000000064B02000 002A83 (v02 MSI_NB PtidDevc 00001000 INTL 20200717)
birž. 12 14:20:27 nixos kernel: ACPI: SSDT 0x0000000064AFF000 002357 (v02 MSI_NB TbtTypeC 00000000 INTL 20200717)
birž. 12 14:20:27 nixos kernel: ACPI: DBGP 0x0000000064AFE000 000034 (v01 MSI_NB MEGABOOK 01072009 AMI  01000013)
birž. 12 14:20:27 nixos kernel: ACPI: DBG2 0x0000000064AFD000 000054 (v00 MSI_NB MEGABOOK 01072009 AMI  01000013)
birž. 12 14:20:27 nixos kernel: ACPI: NHLT 0x0000000064AFB000 001B62 (v00 MSI_NB MEGABOOK 01072009 AMI  01000013)
birž. 12 14:20:27 nixos kernel: ACPI: DMAR 0x0000000064AFA000 000088 (v02 INTEL  EDK2     00000002      01000013)
birž. 12 14:20:27 nixos kernel: ACPI: FPDT 0x0000000064AF9000 000044 (v01 MSI_NB A M I    01072009 AMI  01000013)
birž. 12 14:20:27 nixos kernel: ACPI: SSDT 0x0000000064AF8000 000722 (v02 INTEL  xh_adlLP 00000000 INTL 20200717)
birž. 12 14:20:27 nixos kernel: ACPI: SSDT 0x0000000064AF4000 003AEA (v02 SocGpe SocGpe   00003000 INTL 20200717)
birž. 12 14:20:27 nixos kernel: ACPI: SSDT 0x0000000064AF0000 0039DA (v02 SocCmn SocCmn   00003000 INTL 20200717)
birž. 12 14:20:27 nixos kernel: ACPI: SSDT 0x0000000064AEF000 000144 (v02 Intel  ADebTabl 00001000 INTL 20200717)
birž. 12 14:20:27 nixos kernel: ACPI: BGRT 0x0000000064AEE000 000038 (v01 MSI_NB MEGABOOK 01072009 AMI  00010013)
birž. 12 14:20:27 nixos kernel: ACPI: TPM2 0x0000000064AED000 00004C (v04 MSI_NB MEGABOOK 00000001 AMI  00000000)
birž. 12 14:20:27 nixos kernel: ACPI: SSDT 0x0000000064AEA000 002FCA (v01 OptRf2 Opt2Tabl 00001000 INTL 20200717)
birž. 12 14:20:27 nixos kernel: ACPI: PHAT 0x0000000064AE9000 000591 (v01 MSI_NB MEGABOOK 00000005 MSFT 0100000D)
birž. 12 14:20:27 nixos kernel: ACPI: WSMT 0x0000000064B05000 000028 (v01 MSI_NB MEGABOOK 01072009 AMI  00010013)
birž. 12 14:20:27 nixos kernel: ACPI: BGRT 0x0000000064AE8000 000038 (v01 MSI_NB MEGABOOK 01072009 AMI  00010013)
birž. 12 14:20:27 nixos kernel: ACPI: Reserving FACP table memory at [mem 0x64bb1000-0x64bb1113]
birž. 12 14:20:27 nixos kernel: ACPI: Reserving DSDT table memory at [mem 0x64b24000-0x64bb0ac0]
birž. 12 14:20:27 nixos kernel: ACPI: Reserving FACS table memory at [mem 0x64cd1000-0x64cd103f]
birž. 12 14:20:27 nixos kernel: ACPI: Reserving SSDT table memory at [mem 0x64bb2000-0x64bb5eae]
birž. 12 14:20:27 nixos kernel: ACPI: Reserving FIDT table memory at [mem 0x64b23000-0x64b2309b]
birž. 12 14:20:27 nixos kernel: ACPI: Reserving MSDM table memory at [mem 0x64b22000-0x64b22054]
birž. 12 14:20:27 nixos kernel: ACPI: Reserving SLIC table memory at [mem 0x64b21000-0x64b21175]
birž. 12 14:20:27 nixos kernel: ACPI: Reserving SSDT table memory at [mem 0x64b20000-0x64b2038b]
birž. 12 14:20:27 nixos kernel: ACPI: Reserving SSDT table memory at [mem 0x64b1f000-0x64b1f05b]
birž. 12 14:20:27 nixos kernel: ACPI: Reserving SSDT table memory at [mem 0x64b19000-0x64b1ed33]
birž. 12 14:20:27 nixos kernel: ACPI: Reserving SSDT table memory at [mem 0x64b16000-0x64b18934]
birž. 12 14:20:27 nixos kernel: ACPI: Reserving SSDT table memory at [mem 0x64b12000-0x64b153e8]
birž. 12 14:20:27 nixos kernel: ACPI: Reserving HPET table memory at [mem 0x64b11000-0x64b11037]
birž. 12 14:20:27 nixos kernel: ACPI: Reserving APIC table memory at [mem 0x64b10000-0x64b101db]
birž. 12 14:20:27 nixos kernel: ACPI: Reserving MCFG table memory at [mem 0x64b0f000-0x64b0f03b]
birž. 12 14:20:27 nixos kernel: ACPI: Reserving SSDT table memory at [mem 0x64b07000-0x64b0e946]
birž. 12 14:20:27 nixos kernel: ACPI: Reserving UEFI table memory at [mem 0x64c25000-0x64c25047]
birž. 12 14:20:27 nixos kernel: ACPI: Reserving LPIT table memory at [mem 0x64b06000-0x64b060cb]
birž. 12 14:20:27 nixos kernel: ACPI: Reserving SSDT table memory at [mem 0x64b02000-0x64b04a82]
birž. 12 14:20:27 nixos kernel: ACPI: Reserving SSDT table memory at [mem 0x64aff000-0x64b01356]
birž. 12 14:20:27 nixos kernel: ACPI: Reserving DBGP table memory at [mem 0x64afe000-0x64afe033]
birž. 12 14:20:27 nixos kernel: ACPI: Reserving DBG2 table memory at [mem 0x64afd000-0x64afd053]
birž. 12 14:20:27 nixos kernel: ACPI: Reserving NHLT table memory at [mem 0x64afb000-0x64afcb61]
birž. 12 14:20:27 nixos kernel: ACPI: Reserving DMAR table memory at [mem 0x64afa000-0x64afa087]
birž. 12 14:20:27 nixos kernel: ACPI: Reserving FPDT table memory at [mem 0x64af9000-0x64af9043]
birž. 12 14:20:27 nixos kernel: ACPI: Reserving SSDT table memory at [mem 0x64af8000-0x64af8721]
birž. 12 14:20:27 nixos kernel: ACPI: Reserving SSDT table memory at [mem 0x64af4000-0x64af7ae9]
birž. 12 14:20:27 nixos kernel: ACPI: Reserving SSDT table memory at [mem 0x64af0000-0x64af39d9]
birž. 12 14:20:27 nixos kernel: ACPI: Reserving SSDT table memory at [mem 0x64aef000-0x64aef143]
birž. 12 14:20:27 nixos kernel: ACPI: Reserving BGRT table memory at [mem 0x64aee000-0x64aee037]
birž. 12 14:20:27 nixos kernel: ACPI: Reserving TPM2 table memory at [mem 0x64aed000-0x64aed04b]
birž. 12 14:20:27 nixos kernel: ACPI: Reserving SSDT table memory at [mem 0x64aea000-0x64aecfc9]
birž. 12 14:20:27 nixos kernel: ACPI: Reserving PHAT table memory at [mem 0x64ae9000-0x64ae9590]
birž. 12 14:20:27 nixos kernel: ACPI: Reserving WSMT table memory at [mem 0x64b05000-0x64b05027]
birž. 12 14:20:27 nixos kernel: ACPI: Reserving BGRT table memory at [mem 0x64ae8000-0x64ae8037]
birž. 12 14:20:27 nixos kernel: No NUMA configuration found
birž. 12 14:20:27 nixos kernel: Faking a node at [mem 0x0000000000000000-0x000000048bbfffff]
birž. 12 14:20:27 nixos kernel: NODE_DATA(0) allocated [mem 0x48bbf9000-0x48bbfefff]
birž. 12 14:20:27 nixos kernel: Zone ranges:
birž. 12 14:20:27 nixos kernel:   DMA      [mem 0x0000000000001000-0x0000000000ffffff]
birž. 12 14:20:27 nixos kernel:   DMA32    [mem 0x0000000001000000-0x00000000ffffffff]
birž. 12 14:20:27 nixos kernel:   Normal   [mem 0x0000000100000000-0x000000048bbfffff]
birž. 12 14:20:27 nixos kernel:   Device   empty
birž. 12 14:20:27 nixos kernel: Movable zone start for each node
birž. 12 14:20:27 nixos kernel: Early memory node ranges
birž. 12 14:20:27 nixos kernel:   node   0: [mem 0x0000000000001000-0x000000000009dfff]
birž. 12 14:20:27 nixos kernel:   node   0: [mem 0x000000000009f000-0x000000000009ffff]
birž. 12 14:20:27 nixos kernel:   node   0: [mem 0x0000000000100000-0x000000003eb92fff]
birž. 12 14:20:27 nixos kernel:   node   0: [mem 0x000000003eb94000-0x000000003f46dfff]
birž. 12 14:20:27 nixos kernel:   node   0: [mem 0x000000003f46f000-0x00000000619b3fff]
birž. 12 14:20:27 nixos kernel:   node   0: [mem 0x0000000067eff000-0x0000000067efffff]
birž. 12 14:20:27 nixos kernel:   node   0: [mem 0x0000000100000000-0x000000048bbfffff]
birž. 12 14:20:27 nixos kernel: Initmem setup node 0 [mem 0x0000000000001000-0x000000048bbfffff]
birž. 12 14:20:27 nixos kernel: On node 0, zone DMA: 1 pages in unavailable ranges
birž. 12 14:20:27 nixos kernel: On node 0, zone DMA: 1 pages in unavailable ranges
birž. 12 14:20:27 nixos kernel: On node 0, zone DMA: 96 pages in unavailable ranges
birž. 12 14:20:27 nixos kernel: On node 0, zone DMA32: 1 pages in unavailable ranges
birž. 12 14:20:27 nixos kernel: On node 0, zone DMA32: 1 pages in unavailable ranges
birž. 12 14:20:27 nixos kernel: On node 0, zone DMA32: 25931 pages in unavailable ranges
birž. 12 14:20:27 nixos kernel: On node 0, zone Normal: 256 pages in unavailable ranges
birž. 12 14:20:27 nixos kernel: On node 0, zone Normal: 17408 pages in unavailable ranges
birž. 12 14:20:27 nixos kernel: Reserving Intel graphics memory at [mem 0x70800000-0x743fffff]
birž. 12 14:20:27 nixos kernel: ACPI: PM-Timer IO Port: 0x1808
birž. 12 14:20:27 nixos kernel: ACPI: LAPIC_NMI (acpi_id[0x01] high edge lint[0x1])
birž. 12 14:20:27 nixos kernel: ACPI: LAPIC_NMI (acpi_id[0x02] high edge lint[0x1])
birž. 12 14:20:27 nixos kernel: ACPI: LAPIC_NMI (acpi_id[0x03] high edge lint[0x1])
birž. 12 14:20:27 nixos kernel: ACPI: LAPIC_NMI (acpi_id[0x04] high edge lint[0x1])
birž. 12 14:20:27 nixos kernel: ACPI: LAPIC_NMI (acpi_id[0x05] high edge lint[0x1])
birž. 12 14:20:27 nixos kernel: ACPI: LAPIC_NMI (acpi_id[0x06] high edge lint[0x1])
birž. 12 14:20:27 nixos kernel: ACPI: LAPIC_NMI (acpi_id[0x07] high edge lint[0x1])
birž. 12 14:20:27 nixos kernel: ACPI: LAPIC_NMI (acpi_id[0x08] high edge lint[0x1])
birž. 12 14:20:27 nixos kernel: ACPI: LAPIC_NMI (acpi_id[0x09] high edge lint[0x1])
birž. 12 14:20:27 nixos kernel: ACPI: LAPIC_NMI (acpi_id[0x0a] high edge lint[0x1])
birž. 12 14:20:27 nixos kernel: ACPI: LAPIC_NMI (acpi_id[0x0b] high edge lint[0x1])
birž. 12 14:20:27 nixos kernel: ACPI: LAPIC_NMI (acpi_id[0x0c] high edge lint[0x1])
birž. 12 14:20:27 nixos kernel: ACPI: LAPIC_NMI (acpi_id[0x0d] high edge lint[0x1])
birž. 12 14:20:27 nixos kernel: ACPI: LAPIC_NMI (acpi_id[0x0e] high edge lint[0x1])
birž. 12 14:20:27 nixos kernel: ACPI: LAPIC_NMI (acpi_id[0x0f] high edge lint[0x1])
birž. 12 14:20:27 nixos kernel: ACPI: LAPIC_NMI (acpi_id[0x10] high edge lint[0x1])
birž. 12 14:20:27 nixos kernel: ACPI: LAPIC_NMI (acpi_id[0x11] high edge lint[0x1])
birž. 12 14:20:27 nixos kernel: ACPI: LAPIC_NMI (acpi_id[0x12] high edge lint[0x1])
birž. 12 14:20:27 nixos kernel: ACPI: LAPIC_NMI (acpi_id[0x13] high edge lint[0x1])
birž. 12 14:20:27 nixos kernel: ACPI: LAPIC_NMI (acpi_id[0x14] high edge lint[0x1])
birž. 12 14:20:27 nixos kernel: ACPI: LAPIC_NMI (acpi_id[0x15] high edge lint[0x1])
birž. 12 14:20:27 nixos kernel: ACPI: LAPIC_NMI (acpi_id[0x16] high edge lint[0x1])
birž. 12 14:20:27 nixos kernel: ACPI: LAPIC_NMI (acpi_id[0x17] high edge lint[0x1])
birž. 12 14:20:27 nixos kernel: ACPI: LAPIC_NMI (acpi_id[0x00] high edge lint[0x1])
birž. 12 14:20:27 nixos kernel: IOAPIC[0]: apic_id 2, version 32, address 0xfec00000, GSI 0-119
birž. 12 14:20:27 nixos kernel: ACPI: INT_SRC_OVR (bus 0 bus_irq 0 global_irq 2 dfl dfl)
birž. 12 14:20:27 nixos kernel: ACPI: INT_SRC_OVR (bus 0 bus_irq 9 global_irq 9 high level)
birž. 12 14:20:27 nixos kernel: ACPI: Using ACPI (MADT) for SMP configuration information
birž. 12 14:20:27 nixos kernel: ACPI: HPET id: 0x8086a201 base: 0xfed00000
birž. 12 14:20:27 nixos kernel: e820: update [mem 0x5a455000-0x5a548fff] usable ==> reserved
birž. 12 14:20:27 nixos kernel: TSC deadline timer available
birž. 12 14:20:27 nixos kernel: smpboot: Allowing 12 CPUs, 0 hotplug CPUs
birž. 12 14:20:27 nixos kernel: PM: hibernation: Registered nosave memory: [mem 0x00000000-0x00000fff]
birž. 12 14:20:27 nixos kernel: PM: hibernation: Registered nosave memory: [mem 0x0009e000-0x0009efff]
birž. 12 14:20:27 nixos kernel: PM: hibernation: Registered nosave memory: [mem 0x000a0000-0x000fffff]
birž. 12 14:20:27 nixos kernel: PM: hibernation: Registered nosave memory: [mem 0x3eb93000-0x3eb93fff]
birž. 12 14:20:27 nixos kernel: PM: hibernation: Registered nosave memory: [mem 0x3f46e000-0x3f46efff]
birž. 12 14:20:27 nixos kernel: PM: hibernation: Registered nosave memory: [mem 0x5a455000-0x5a548fff]
birž. 12 14:20:27 nixos kernel: PM: hibernation: Registered nosave memory: [mem 0x5e51c000-0x5e51cfff]
birž. 12 14:20:27 nixos kernel: PM: hibernation: Registered nosave memory: [mem 0x619b4000-0x64ab3fff]
birž. 12 14:20:27 nixos kernel: PM: hibernation: Registered nosave memory: [mem 0x64ab4000-0x64bb7fff]
birž. 12 14:20:27 nixos kernel: PM: hibernation: Registered nosave memory: [mem 0x64bb8000-0x64cd1fff]
birž. 12 14:20:27 nixos kernel: PM: hibernation: Registered nosave memory: [mem 0x64cd2000-0x67e65fff]
birž. 12 14:20:27 nixos kernel: PM: hibernation: Registered nosave memory: [mem 0x67e66000-0x67efefff]
birž. 12 14:20:27 nixos kernel: PM: hibernation: Registered nosave memory: [mem 0x67f00000-0x6dffffff]
birž. 12 14:20:27 nixos kernel: PM: hibernation: Registered nosave memory: [mem 0x6e000000-0x6e7fffff]
birž. 12 14:20:27 nixos kernel: PM: hibernation: Registered nosave memory: [mem 0x6e800000-0x6e9fffff]
birž. 12 14:20:27 nixos kernel: PM: hibernation: Registered nosave memory: [mem 0x6ea00000-0x6effffff]
birž. 12 14:20:27 nixos kernel: PM: hibernation: Registered nosave memory: [mem 0x6f000000-0x743fffff]
birž. 12 14:20:27 nixos kernel: PM: hibernation: Registered nosave memory: [mem 0x74400000-0xbfffffff]
birž. 12 14:20:27 nixos kernel: PM: hibernation: Registered nosave memory: [mem 0xc0000000-0xcfffffff]
birž. 12 14:20:27 nixos kernel: PM: hibernation: Registered nosave memory: [mem 0xd0000000-0xfdffffff]
birž. 12 14:20:27 nixos kernel: PM: hibernation: Registered nosave memory: [mem 0xfe000000-0xfe010fff]
birž. 12 14:20:27 nixos kernel: PM: hibernation: Registered nosave memory: [mem 0xfe011000-0xfebfffff]
birž. 12 14:20:27 nixos kernel: PM: hibernation: Registered nosave memory: [mem 0xfec00000-0xfec00fff]
birž. 12 14:20:27 nixos kernel: PM: hibernation: Registered nosave memory: [mem 0xfec01000-0xfecfffff]
birž. 12 14:20:27 nixos kernel: PM: hibernation: Registered nosave memory: [mem 0xfed00000-0xfed00fff]
birž. 12 14:20:27 nixos kernel: PM: hibernation: Registered nosave memory: [mem 0xfed01000-0xfed1ffff]
birž. 12 14:20:27 nixos kernel: PM: hibernation: Registered nosave memory: [mem 0xfed20000-0xfed7ffff]
birž. 12 14:20:27 nixos kernel: PM: hibernation: Registered nosave memory: [mem 0xfed80000-0xfedfffff]
birž. 12 14:20:27 nixos kernel: PM: hibernation: Registered nosave memory: [mem 0xfee00000-0xfee00fff]
birž. 12 14:20:27 nixos kernel: PM: hibernation: Registered nosave memory: [mem 0xfee01000-0xfeffffff]
birž. 12 14:20:27 nixos kernel: PM: hibernation: Registered nosave memory: [mem 0xff000000-0xffffffff]
birž. 12 14:20:27 nixos kernel: [mem 0x74400000-0xbfffffff] available for PCI devices
birž. 12 14:20:27 nixos kernel: Booting paravirtualized kernel on bare hardware
birž. 12 14:20:27 nixos kernel: clocksource: refined-jiffies: mask: 0xffffffff max_cycles: 0xffffffff, max_idle_ns: 1910969940391419 ns
birž. 12 14:20:27 nixos kernel: setup_percpu: NR_CPUS:384 nr_cpumask_bits:12 nr_cpu_ids:12 nr_node_ids:1
birž. 12 14:20:27 nixos kernel: percpu: Embedded 61 pages/cpu s212992 r8192 d28672 u262144
birž. 12 14:20:27 nixos kernel: pcpu-alloc: s212992 r8192 d28672 u262144 alloc=1*2097152
birž. 12 14:20:27 nixos kernel: pcpu-alloc: [0] 00 01 02 03 04 05 06 07 [0] 08 09 10 11 -- -- -- -- 
birž. 12 14:20:27 nixos kernel: Fallback order for Node 0: 0 
birž. 12 14:20:27 nixos kernel: Built 1 zonelists, mobility grouping on.  Total pages: 4053340
birž. 12 14:20:27 nixos kernel: Policy zone: Normal
birž. 12 14:20:27 nixos kernel: Kernel command line: BOOT_IMAGE=(hd0,gpt1)//kernels/2l05brrmb1ivggx7qb8x4ikm7zqwp37p-linux-6.1.31-bzImage init=/nix/store/5r96wzx3v4iqiy8jv59z8hlx8bwvjrd7-nixos-system-nixos-23.05.457.f0ba8235153/init loglevel=4 nvidia-drm.modeset=1 nvidia.NVreg_PreserveVideoMemoryAllocations=1
birž. 12 14:20:27 nixos kernel: Unknown kernel command line parameters "BOOT_IMAGE=(hd0,gpt1)//kernels/2l05brrmb1ivggx7qb8x4ikm7zqwp37p-linux-6.1.31-bzImage", will be passed to user space.
birž. 12 14:20:27 nixos kernel: Dentry cache hash table entries: 2097152 (order: 12, 16777216 bytes, linear)
birž. 12 14:20:27 nixos kernel: Inode-cache hash table entries: 1048576 (order: 11, 8388608 bytes, linear)
birž. 12 14:20:27 nixos kernel: mem auto-init: stack:all(zero), heap alloc:off, heap free:off
birž. 12 14:20:27 nixos kernel: software IO TLB: area num 16.
birž. 12 14:20:27 nixos kernel: Memory: 15943896K/16471364K available (12294K kernel code, 2308K rwdata, 7540K rodata, 1876K init, 4312K bss, 527208K reserved, 0K cma-reserved)
birž. 12 14:20:27 nixos kernel: SLUB: HWalign=64, Order=0-3, MinObjects=0, CPUs=12, Nodes=1
birž. 12 14:20:27 nixos kernel: ftrace: allocating 37065 entries in 145 pages
birž. 12 14:20:27 nixos kernel: ftrace: allocated 145 pages with 3 groups
birž. 12 14:20:27 nixos kernel: Dynamic Preempt: voluntary
birž. 12 14:20:27 nixos kernel: rcu: Preemptible hierarchical RCU implementation.
birž. 12 14:20:27 nixos kernel: rcu:         RCU event tracing is enabled.
birž. 12 14:20:27 nixos kernel: rcu:         RCU restricting CPUs from NR_CPUS=384 to nr_cpu_ids=12.
birž. 12 14:20:27 nixos kernel:         Trampoline variant of Tasks RCU enabled.
birž. 12 14:20:27 nixos kernel:         Rude variant of Tasks RCU enabled.
birž. 12 14:20:27 nixos kernel:         Tracing variant of Tasks RCU enabled.
birž. 12 14:20:27 nixos kernel: rcu: RCU calculated value of scheduler-enlistment delay is 100 jiffies.
birž. 12 14:20:27 nixos kernel: rcu: Adjusting geometry for rcu_fanout_leaf=16, nr_cpu_ids=12
birž. 12 14:20:27 nixos kernel: NR_IRQS: 24832, nr_irqs: 2152, preallocated irqs: 16
birž. 12 14:20:27 nixos kernel: rcu: srcu_init: Setting srcu_struct sizes based on contention.
birž. 12 14:20:27 nixos kernel: Console: colour dummy device 80x25
birž. 12 14:20:27 nixos kernel: printk: console [tty0] enabled
birž. 12 14:20:27 nixos kernel: ACPI: Core revision 20220331
birž. 12 14:20:27 nixos kernel: hpet: HPET dysfunctional in PC10. Force disabled.
birž. 12 14:20:27 nixos kernel: APIC: Switch to symmetric I/O mode setup
birž. 12 14:20:27 nixos kernel: DMAR: Host address width 39
birž. 12 14:20:27 nixos kernel: DMAR: DRHD base: 0x000000fed90000 flags: 0x0
birž. 12 14:20:27 nixos kernel: DMAR: dmar0: reg_base_addr fed90000 ver 4:0 cap 1c0000c40660462 ecap 29a00f0505e
birž. 12 14:20:27 nixos kernel: DMAR: DRHD base: 0x000000fed91000 flags: 0x1
birž. 12 14:20:27 nixos kernel: DMAR: dmar1: reg_base_addr fed91000 ver 5:0 cap d2008c40660462 ecap f050da
birž. 12 14:20:27 nixos kernel: DMAR: RMRR base: 0x00000070000000 end: 0x000000743fffff
birž. 12 14:20:27 nixos kernel: DMAR-IR: IOAPIC id 2 under DRHD base  0xfed91000 IOMMU 1
birž. 12 14:20:27 nixos kernel: DMAR-IR: HPET id 0 under DRHD base 0xfed91000
birž. 12 14:20:27 nixos kernel: DMAR-IR: Queued invalidation will be enabled to support x2apic and Intr-remapping.
birž. 12 14:20:27 nixos kernel: DMAR-IR: Enabled IRQ remapping in x2apic mode
birž. 12 14:20:27 nixos kernel: x2apic enabled
birž. 12 14:20:27 nixos kernel: Switched APIC routing to cluster x2apic.
birž. 12 14:20:27 nixos kernel: clocksource: tsc-early: mask: 0xffffffffffffffff max_cycles: 0x23fa772cf26, max_idle_ns: 440795269835 ns
birž. 12 14:20:27 nixos kernel: Calibrating delay loop (skipped), value calculated using timer frequency.. 4992.00 BogoMIPS (lpj=2496000)
birž. 12 14:20:27 nixos kernel: pid_max: default: 32768 minimum: 301
birž. 12 14:20:27 nixos kernel: LSM: Security Framework initializing
birž. 12 14:20:27 nixos kernel: landlock: Up and running.
birž. 12 14:20:27 nixos kernel: Yama: becoming mindful.
birž. 12 14:20:27 nixos kernel: SELinux:  Initializing.
birž. 12 14:20:27 nixos kernel: LSM support for eBPF active
birž. 12 14:20:27 nixos kernel: Mount-cache hash table entries: 32768 (order: 6, 262144 bytes, linear)
birž. 12 14:20:27 nixos kernel: Mountpoint-cache hash table entries: 32768 (order: 6, 262144 bytes, linear)
birž. 12 14:20:27 nixos kernel: CPU0: Thermal monitoring enabled (TM1)
birž. 12 14:20:27 nixos kernel: x86/cpu: User Mode Instruction Prevention (UMIP) activated
birž. 12 14:20:27 nixos kernel: process: using mwait in idle threads
birž. 12 14:20:27 nixos kernel: Last level iTLB entries: 4KB 0, 2MB 0, 4MB 0
birž. 12 14:20:27 nixos kernel: Last level dTLB entries: 4KB 0, 2MB 0, 4MB 0, 1GB 0
birž. 12 14:20:27 nixos kernel: Spectre V1 : Mitigation: usercopy/swapgs barriers and __user pointer sanitization
birž. 12 14:20:27 nixos kernel: Spectre V2 : Mitigation: Enhanced IBRS
birž. 12 14:20:27 nixos kernel: Spectre V2 : Spectre v2 / SpectreRSB mitigation: Filling RSB on context switch
birž. 12 14:20:27 nixos kernel: Spectre V2 : Spectre v2 / PBRSB-eIBRS: Retire a single CALL on VMEXIT
birž. 12 14:20:27 nixos kernel: Spectre V2 : mitigation: Enabling conditional Indirect Branch Prediction Barrier
birž. 12 14:20:27 nixos kernel: Speculative Store Bypass: Mitigation: Speculative Store Bypass disabled via prctl
birž. 12 14:20:27 nixos kernel: Freeing SMP alternatives memory: 32K
birž. 12 14:20:27 nixos kernel: smpboot: CPU0: 12th Gen Intel(R) Core(TM) i5-12450H (family: 0x6, model: 0x9a, stepping: 0x3)
birž. 12 14:20:27 nixos kernel: cblist_init_generic: Setting adjustable number of callback queues.
birž. 12 14:20:27 nixos kernel: cblist_init_generic: Setting shift to 4 and lim to 1.
birž. 12 14:20:27 nixos kernel: cblist_init_generic: Setting shift to 4 and lim to 1.
birž. 12 14:20:27 nixos kernel: cblist_init_generic: Setting shift to 4 and lim to 1.
birž. 12 14:20:27 nixos kernel: Performance Events: XSAVE Architectural LBR, PEBS fmt4+-baseline,  AnyThread deprecated, Alderlake Hybrid events, 32-deep LBR, full-width counters, Intel PMU driver.
birž. 12 14:20:27 nixos kernel: core: cpu_core PMU driver: 
birž. 12 14:20:27 nixos kernel: ... version:                5
birž. 12 14:20:27 nixos kernel: ... bit width:              48
birž. 12 14:20:27 nixos kernel: ... generic registers:      8
birž. 12 14:20:27 nixos kernel: ... value mask:             0000ffffffffffff
birž. 12 14:20:27 nixos kernel: ... max period:             00007fffffffffff
birž. 12 14:20:27 nixos kernel: ... fixed-purpose events:   4
birž. 12 14:20:27 nixos kernel: ... event mask:             0001000f000000ff
birž. 12 14:20:27 nixos kernel: Estimated ratio of average max frequency by base frequency (times 1024): 1679
birž. 12 14:20:27 nixos kernel: rcu: Hierarchical SRCU implementation.
birž. 12 14:20:27 nixos kernel: rcu:         Max phase no-delay instances is 400.
birž. 12 14:20:27 nixos kernel: smp: Bringing up secondary CPUs ...
birž. 12 14:20:27 nixos kernel: x86: Booting SMP configuration:
birž. 12 14:20:27 nixos kernel: .... node  #0, CPUs:        #1  #2  #3  #4  #5  #6  #7  #8
birž. 12 14:20:27 nixos kernel: core: cpu_atom PMU driver: PEBS-via-PT 
birž. 12 14:20:27 nixos kernel: ... version:                5
birž. 12 14:20:27 nixos kernel: ... bit width:              48
birž. 12 14:20:27 nixos kernel: ... generic registers:      6
birž. 12 14:20:27 nixos kernel: ... value mask:             0000ffffffffffff
birž. 12 14:20:27 nixos kernel: ... max period:             00007fffffffffff
birž. 12 14:20:27 nixos kernel: ... fixed-purpose events:   3
birž. 12 14:20:27 nixos kernel: ... event mask:             000000070000003f
birž. 12 14:20:27 nixos kernel:   #9 #10 #11
birž. 12 14:20:27 nixos kernel: smp: Brought up 1 node, 12 CPUs
birž. 12 14:20:27 nixos kernel: smpboot: Max logical packages: 1
birž. 12 14:20:27 nixos kernel: smpboot: Total of 12 processors activated (59904.00 BogoMIPS)
birž. 12 14:20:27 nixos kernel: devtmpfs: initialized
birž. 12 14:20:27 nixos kernel: x86/mm: Memory block size: 128MB
birž. 12 14:20:27 nixos kernel: ACPI: PM: Registering ACPI NVS region [mem 0x64bb8000-0x64cd1fff] (1155072 bytes)
birž. 12 14:20:27 nixos kernel: clocksource: jiffies: mask: 0xffffffff max_cycles: 0xffffffff, max_idle_ns: 1911260446275000 ns
birž. 12 14:20:27 nixos kernel: futex hash table entries: 4096 (order: 6, 262144 bytes, linear)
birž. 12 14:20:27 nixos kernel: pinctrl core: initialized pinctrl subsystem
birž. 12 14:20:27 nixos kernel: NET: Registered PF_NETLINK/PF_ROUTE protocol family
birž. 12 14:20:27 nixos kernel: DMA: preallocated 2048 KiB GFP_KERNEL pool for atomic allocations
birž. 12 14:20:27 nixos kernel: DMA: preallocated 2048 KiB GFP_KERNEL|GFP_DMA pool for atomic allocations
birž. 12 14:20:27 nixos kernel: DMA: preallocated 2048 KiB GFP_KERNEL|GFP_DMA32 pool for atomic allocations
birž. 12 14:20:27 nixos kernel: audit: initializing netlink subsys (disabled)
birž. 12 14:20:27 nixos kernel: audit: type=2000 audit(1686568825.058:1): state=initialized audit_enabled=0 res=1
birž. 12 14:20:27 nixos kernel: thermal_sys: Registered thermal governor 'bang_bang'
birž. 12 14:20:27 nixos kernel: thermal_sys: Registered thermal governor 'step_wise'
birž. 12 14:20:27 nixos kernel: thermal_sys: Registered thermal governor 'user_space'
birž. 12 14:20:27 nixos kernel: cpuidle: using governor menu
birž. 12 14:20:27 nixos kernel: ACPI FADT declares the system doesn't support PCIe ASPM, so disable it
birž. 12 14:20:27 nixos kernel: acpiphp: ACPI Hot Plug PCI Controller Driver version: 0.5
birž. 12 14:20:27 nixos kernel: PCI: MMCONFIG for domain 0000 [bus 00-ff] at [mem 0xc0000000-0xcfffffff] (base 0xc0000000)
birž. 12 14:20:27 nixos kernel: PCI: MMCONFIG at [mem 0xc0000000-0xcfffffff] reserved in E820
birž. 12 14:20:27 nixos kernel: PCI: Using configuration type 1 for base access
birž. 12 14:20:27 nixos kernel: ENERGY_PERF_BIAS: Set to 'normal', was 'performance'
birž. 12 14:20:27 nixos kernel: kprobes: kprobe jump-optimization is enabled. All kprobes are optimized if possible.
birž. 12 14:20:27 nixos kernel: HugeTLB: registered 1.00 GiB page size, pre-allocated 0 pages
birž. 12 14:20:27 nixos kernel: HugeTLB: 16380 KiB vmemmap can be freed for a 1.00 GiB page
birž. 12 14:20:27 nixos kernel: HugeTLB: registered 2.00 MiB page size, pre-allocated 0 pages
birž. 12 14:20:27 nixos kernel: HugeTLB: 28 KiB vmemmap can be freed for a 2.00 MiB page
birž. 12 14:20:27 nixos kernel: ACPI: Added _OSI(Module Device)
birž. 12 14:20:27 nixos kernel: ACPI: Added _OSI(Processor Device)
birž. 12 14:20:27 nixos kernel: ACPI: Added _OSI(3.0 _SCP Extensions)
birž. 12 14:20:27 nixos kernel: ACPI: Added _OSI(Processor Aggregator Device)
birž. 12 14:20:27 nixos kernel: ACPI: 15 ACPI AML tables successfully acquired and loaded
birž. 12 14:20:27 nixos kernel: ACPI: Dynamic OEM Table Load:
birž. 12 14:20:27 nixos kernel: ACPI: SSDT 0xFFFF8B8E0161E200 0001AB (v02 PmRef  Cpu0Psd  00003000 INTL 20200717)
birž. 12 14:20:27 nixos kernel: ACPI: \_SB_.PR00: _OSC native thermal LVT Acked
birž. 12 14:20:27 nixos kernel: ACPI: Dynamic OEM Table Load:
birž. 12 14:20:27 nixos kernel: ACPI: SSDT 0xFFFF8B8E00DD9000 000394 (v02 PmRef  Cpu0Cst  00003001 INTL 20200717)
birž. 12 14:20:27 nixos kernel: ACPI: Dynamic OEM Table Load:
birž. 12 14:20:27 nixos kernel: ACPI: SSDT 0xFFFF8B8E0188F800 0005E4 (v02 PmRef  Cpu0Ist  00003000 INTL 20200717)
birž. 12 14:20:27 nixos kernel: ACPI: Dynamic OEM Table Load:
birž. 12 14:20:27 nixos kernel: ACPI: SSDT 0xFFFF8B8E0188D000 0004B5 (v02 PmRef  Cpu0Hwp  00003000 INTL 20200717)
birž. 12 14:20:27 nixos kernel: ACPI: Dynamic OEM Table Load:
birž. 12 14:20:27 nixos kernel: ACPI: SSDT 0xFFFF8B8E018BC000 001BAF (v02 PmRef  ApIst    00003000 INTL 20200717)
birž. 12 14:20:27 nixos kernel: ACPI: Dynamic OEM Table Load:
birž. 12 14:20:27 nixos kernel: ACPI: SSDT 0xFFFF8B8E018BE000 001038 (v02 PmRef  ApHwp    00003000 INTL 20200717)
birž. 12 14:20:27 nixos kernel: ACPI: Dynamic OEM Table Load:
birž. 12 14:20:27 nixos kernel: ACPI: SSDT 0xFFFF8B8E018BA000 001349 (v02 PmRef  ApPsd    00003000 INTL 20200717)
birž. 12 14:20:27 nixos kernel: ACPI: Dynamic OEM Table Load:
birž. 12 14:20:27 nixos kernel: ACPI: SSDT 0xFFFF8B8E00DF3000 000FBB (v02 PmRef  ApCst    00003000 INTL 20200717)
birž. 12 14:20:27 nixos kernel: ACPI: EC: EC started
birž. 12 14:20:27 nixos kernel: ACPI: EC: interrupt blocked
birž. 12 14:20:27 nixos kernel: ACPI: EC: EC_CMD/EC_SC=0x66, EC_DATA=0x62
birž. 12 14:20:27 nixos kernel: ACPI: \_SB_.PC00.LPCB.EC__: Boot DSDT EC used to handle transactions
birž. 12 14:20:27 nixos kernel: ACPI: Interpreter enabled
birž. 12 14:20:27 nixos kernel: ACPI: PM: (supports S0 S3 S4 S5)
birž. 12 14:20:27 nixos kernel: ACPI: Using IOAPIC for interrupt routing
birž. 12 14:20:27 nixos kernel: PCI: Using host bridge windows from ACPI; if necessary, use "pci=nocrs" and report a bug
birž. 12 14:20:27 nixos kernel: PCI: Using E820 reservations for host bridge windows
birž. 12 14:20:27 nixos kernel: ACPI: Enabled 9 GPEs in block 00 to 7F
birž. 12 14:20:27 nixos kernel: ACPI: PM: Power Resource [PXP]
birž. 12 14:20:27 nixos kernel: ACPI: PM: Power Resource [BTRT]
birž. 12 14:20:27 nixos kernel: ACPI: PM: Power Resource [PAUD]
birž. 12 14:20:27 nixos kernel: ACPI: PM: Power Resource [PXTC]
birž. 12 14:20:27 nixos kernel: ACPI: PM: Power Resource [WRST]
birž. 12 14:20:27 nixos kernel: ACPI: PM: Power Resource [PIN]
birž. 12 14:20:27 nixos kernel: ACPI: PCI Root Bridge [PC00] (domain 0000 [bus 00-fe])
birž. 12 14:20:27 nixos kernel: acpi PNP0A08:00: _OSC: OS supports [ExtendedConfig ASPM ClockPM Segments MSI HPX-Type3]
birž. 12 14:20:27 nixos kernel: acpi PNP0A08:00: _OSC: OS now controls [PCIeHotplug PME PCIeCapability LTR]
birž. 12 14:20:27 nixos kernel: acpi PNP0A08:00: FADT indicates ASPM is unsupported, using BIOS configuration
birž. 12 14:20:27 nixos kernel: PCI host bridge to bus 0000:00
birž. 12 14:20:27 nixos kernel: pci_bus 0000:00: root bus resource [io  0x0000-0x0cf7 window]
birž. 12 14:20:27 nixos kernel: pci_bus 0000:00: root bus resource [io  0x0d00-0xffff window]
birž. 12 14:20:27 nixos kernel: pci_bus 0000:00: root bus resource [mem 0x000a0000-0x000bffff window]
birž. 12 14:20:27 nixos kernel: pci_bus 0000:00: root bus resource [mem 0x000e0000-0x000fffff window]
birž. 12 14:20:27 nixos kernel: pci_bus 0000:00: root bus resource [mem 0x74400000-0xbfffffff window]
birž. 12 14:20:27 nixos kernel: pci_bus 0000:00: root bus resource [mem 0x4000000000-0x7fffffffff window]
birž. 12 14:20:27 nixos kernel: pci_bus 0000:00: root bus resource [mem 0xfe0b0400-0xfe0b13ff window]
birž. 12 14:20:27 nixos kernel: pci_bus 0000:00: root bus resource [bus 00-fe]
birž. 12 14:20:27 nixos kernel: pci 0000:00:00.0: [8086:4629] type 00 class 0x060000
birž. 12 14:20:27 nixos kernel: pci 0000:00:01.0: [8086:460d] type 01 class 0x060400
birž. 12 14:20:27 nixos kernel: pci 0000:00:01.0: PME# supported from D0 D3hot D3cold
birž. 12 14:20:27 nixos kernel: pci 0000:00:02.0: [8086:46a3] type 00 class 0x030000
birž. 12 14:20:27 nixos kernel: pci 0000:00:02.0: reg 0x10: [mem 0x6202000000-0x6202ffffff 64bit]
birž. 12 14:20:27 nixos kernel: pci 0000:00:02.0: reg 0x18: [mem 0x4000000000-0x400fffffff 64bit pref]
birž. 12 14:20:27 nixos kernel: pci 0000:00:02.0: reg 0x20: [io  0x5000-0x503f]
birž. 12 14:20:27 nixos kernel: pci 0000:00:02.0: BAR 2: assigned to efifb
birž. 12 14:20:27 nixos kernel: pci 0000:00:02.0: DMAR: Skip IOMMU disabling for graphics
birž. 12 14:20:27 nixos kernel: pci 0000:00:02.0: Video device with shadowed ROM at [mem 0x000c0000-0x000dffff]
birž. 12 14:20:27 nixos kernel: pci 0000:00:02.0: reg 0x344: [mem 0x00000000-0x00ffffff 64bit]
birž. 12 14:20:27 nixos kernel: pci 0000:00:02.0: VF(n) BAR0 space: [mem 0x00000000-0x06ffffff 64bit] (contains BAR0 for 7 VFs)
birž. 12 14:20:27 nixos kernel: pci 0000:00:02.0: reg 0x34c: [mem 0x00000000-0x1fffffff 64bit pref]
birž. 12 14:20:27 nixos kernel: pci 0000:00:02.0: VF(n) BAR2 space: [mem 0x00000000-0xdfffffff 64bit pref] (contains BAR2 for 7 VFs)
birž. 12 14:20:27 nixos kernel: pci 0000:00:04.0: [8086:461d] type 00 class 0x118000
birž. 12 14:20:27 nixos kernel: pci 0000:00:04.0: reg 0x10: [mem 0x6203100000-0x620311ffff 64bit]
birž. 12 14:20:27 nixos kernel: pci 0000:00:06.0: [8086:464d] type 01 class 0x060400
birž. 12 14:20:27 nixos kernel: pci 0000:00:06.0: PME# supported from D0 D3hot D3cold
birž. 12 14:20:27 nixos kernel: pci 0000:00:06.2: [8086:463d] type 01 class 0x060400
birž. 12 14:20:27 nixos kernel: pci 0000:00:06.2: PME# supported from D0 D3hot D3cold
birž. 12 14:20:27 nixos kernel: pci 0000:00:08.0: [8086:464f] type 00 class 0x088000
birž. 12 14:20:27 nixos kernel: pci 0000:00:08.0: reg 0x10: [mem 0x6203140000-0x6203140fff 64bit]
birž. 12 14:20:27 nixos kernel: pci 0000:00:14.0: [8086:51ed] type 00 class 0x0c0330
birž. 12 14:20:27 nixos kernel: pci 0000:00:14.0: reg 0x10: [mem 0x6203120000-0x620312ffff 64bit]
birž. 12 14:20:27 nixos kernel: pci 0000:00:14.0: PME# supported from D3hot D3cold
birž. 12 14:20:27 nixos kernel: pci 0000:00:14.2: [8086:51ef] type 00 class 0x050000
birž. 12 14:20:27 nixos kernel: pci 0000:00:14.2: reg 0x10: [mem 0x6203138000-0x620313bfff 64bit]
birž. 12 14:20:27 nixos kernel: pci 0000:00:14.2: reg 0x18: [mem 0x620313f000-0x620313ffff 64bit]
birž. 12 14:20:27 nixos kernel: pci 0000:00:14.3: [8086:51f0] type 00 class 0x028000
birž. 12 14:20:27 nixos kernel: pci 0000:00:14.3: reg 0x10: [mem 0x6203134000-0x6203137fff 64bit]
birž. 12 14:20:27 nixos kernel: pci 0000:00:14.3: PME# supported from D0 D3hot D3cold
birž. 12 14:20:27 nixos kernel: pci 0000:00:15.0: [8086:51e8] type 00 class 0x0c8000
birž. 12 14:20:27 nixos kernel: pci 0000:00:15.0: reg 0x10: [mem 0x00000000-0x00000fff 64bit]
birž. 12 14:20:27 nixos kernel: pci 0000:00:16.0: [8086:51e0] type 00 class 0x078000
birž. 12 14:20:27 nixos kernel: pci 0000:00:16.0: reg 0x10: [mem 0x620313d000-0x620313dfff 64bit]
birž. 12 14:20:27 nixos kernel: pci 0000:00:16.0: PME# supported from D3hot
birž. 12 14:20:27 nixos kernel: pci 0000:00:17.0: [8086:51d3] type 00 class 0x010601
birž. 12 14:20:27 nixos kernel: pci 0000:00:17.0: reg 0x10: [mem 0x76300000-0x76301fff]
birž. 12 14:20:27 nixos kernel: pci 0000:00:17.0: reg 0x14: [mem 0x76303000-0x763030ff]
birž. 12 14:20:27 nixos kernel: pci 0000:00:17.0: reg 0x18: [io  0x5090-0x5097]
birž. 12 14:20:27 nixos kernel: pci 0000:00:17.0: reg 0x1c: [io  0x5080-0x5083]
birž. 12 14:20:27 nixos kernel: pci 0000:00:17.0: reg 0x20: [io  0x5060-0x507f]
birž. 12 14:20:27 nixos kernel: pci 0000:00:17.0: reg 0x24: [mem 0x76302000-0x763027ff]
birž. 12 14:20:27 nixos kernel: pci 0000:00:17.0: PME# supported from D3hot
birž. 12 14:20:27 nixos kernel: pci 0000:00:1c.0: [8086:51b8] type 01 class 0x060400
birž. 12 14:20:27 nixos kernel: pci 0000:00:1c.0: PME# supported from D0 D3hot D3cold
birž. 12 14:20:27 nixos kernel: pci 0000:00:1c.5: [8086:51bd] type 01 class 0x060400
birž. 12 14:20:27 nixos kernel: pci 0000:00:1c.5: PME# supported from D0 D3hot D3cold
birž. 12 14:20:27 nixos kernel: pci 0000:00:1f.0: [8086:5182] type 00 class 0x060100
birž. 12 14:20:27 nixos kernel: pci 0000:00:1f.3: [8086:51c8] type 00 class 0x040100
birž. 12 14:20:27 nixos kernel: pci 0000:00:1f.3: reg 0x10: [mem 0x6203130000-0x6203133fff 64bit]
birž. 12 14:20:27 nixos kernel: pci 0000:00:1f.3: reg 0x20: [mem 0x6203000000-0x62030fffff 64bit]
birž. 12 14:20:27 nixos kernel: pci 0000:00:1f.3: PME# supported from D3hot D3cold
birž. 12 14:20:27 nixos kernel: pci 0000:00:1f.4: [8086:51a3] type 00 class 0x0c0500
birž. 12 14:20:27 nixos kernel: pci 0000:00:1f.4: reg 0x10: [mem 0x620313c000-0x620313c0ff 64bit]
birž. 12 14:20:27 nixos kernel: pci 0000:00:1f.4: reg 0x20: [io  0xefa0-0xefbf]
birž. 12 14:20:27 nixos kernel: pci 0000:00:1f.5: [8086:51a4] type 00 class 0x0c8000
birž. 12 14:20:27 nixos kernel: pci 0000:00:1f.5: reg 0x10: [mem 0xfe010000-0xfe010fff]
birž. 12 14:20:27 nixos kernel: pci 0000:01:00.0: [10de:28a1] type 00 class 0x030000
birž. 12 14:20:27 nixos kernel: pci 0000:01:00.0: reg 0x10: [mem 0x75000000-0x75ffffff]
birž. 12 14:20:27 nixos kernel: pci 0000:01:00.0: reg 0x14: [mem 0x6000000000-0x61ffffffff 64bit pref]
birž. 12 14:20:27 nixos kernel: pci 0000:01:00.0: reg 0x1c: [mem 0x6200000000-0x6201ffffff 64bit pref]
birž. 12 14:20:27 nixos kernel: pci 0000:01:00.0: reg 0x24: [io  0x4000-0x407f]
birž. 12 14:20:27 nixos kernel: pci 0000:01:00.0: reg 0x30: [mem 0x76000000-0x7607ffff pref]
birž. 12 14:20:27 nixos kernel: pci 0000:01:00.0: PME# supported from D0 D3hot
birž. 12 14:20:27 nixos kernel: pci 0000:01:00.1: [10de:22be] type 00 class 0x040300
birž. 12 14:20:27 nixos kernel: pci 0000:01:00.1: reg 0x10: [mem 0x76080000-0x76083fff]
birž. 12 14:20:27 nixos kernel: pci 0000:00:01.0: PCI bridge to [bus 01]
birž. 12 14:20:27 nixos kernel: pci 0000:00:01.0:   bridge window [io  0x4000-0x4fff]
birž. 12 14:20:27 nixos kernel: pci 0000:00:01.0:   bridge window [mem 0x75000000-0x760fffff]
birž. 12 14:20:27 nixos kernel: pci 0000:00:01.0:   bridge window [mem 0x6000000000-0x6201ffffff 64bit pref]
birž. 12 14:20:27 nixos kernel: pci 0000:00:06.0: PCI bridge to [bus 02]
birž. 12 14:20:27 nixos kernel: pci 0000:03:00.0: [144d:a80b] type 00 class 0x010802
birž. 12 14:20:27 nixos kernel: pci 0000:03:00.0: reg 0x10: [mem 0x76200000-0x76203fff 64bit]
birž. 12 14:20:27 nixos kernel: pci 0000:03:00.0: PME# supported from D0 D3hot
birž. 12 14:20:27 nixos kernel: pci 0000:00:06.2: PCI bridge to [bus 03]
birž. 12 14:20:27 nixos kernel: pci 0000:00:06.2:   bridge window [mem 0x76200000-0x762fffff]
birž. 12 14:20:27 nixos kernel: pci 0000:00:1c.0: PCI bridge to [bus 04]
birž. 12 14:20:27 nixos kernel: pci 0000:05:00.0: [10ec:8168] type 00 class 0x020000
birž. 12 14:20:27 nixos kernel: pci 0000:05:00.0: reg 0x10: [io  0x3000-0x30ff]
birž. 12 14:20:27 nixos kernel: pci 0000:05:00.0: reg 0x18: [mem 0x76104000-0x76104fff 64bit]
birž. 12 14:20:27 nixos kernel: pci 0000:05:00.0: reg 0x20: [mem 0x76100000-0x76103fff 64bit]
birž. 12 14:20:27 nixos kernel: pci 0000:05:00.0: supports D1 D2
birž. 12 14:20:27 nixos kernel: pci 0000:05:00.0: PME# supported from D0 D1 D2 D3hot D3cold
birž. 12 14:20:27 nixos kernel: pci 0000:00:1c.5: PCI bridge to [bus 05]
birž. 12 14:20:27 nixos kernel: pci 0000:00:1c.5:   bridge window [io  0x3000-0x3fff]
birž. 12 14:20:27 nixos kernel: pci 0000:00:1c.5:   bridge window [mem 0x76100000-0x761fffff]
birž. 12 14:20:27 nixos kernel: ACPI: PCI: Interrupt link LNKA configured for IRQ 0
birž. 12 14:20:27 nixos kernel: ACPI: PCI: Interrupt link LNKB configured for IRQ 1
birž. 12 14:20:27 nixos kernel: ACPI: PCI: Interrupt link LNKC configured for IRQ 0
birž. 12 14:20:27 nixos kernel: ACPI: PCI: Interrupt link LNKD configured for IRQ 0
birž. 12 14:20:27 nixos kernel: ACPI: PCI: Interrupt link LNKE configured for IRQ 0
birž. 12 14:20:27 nixos kernel: ACPI: PCI: Interrupt link LNKF configured for IRQ 0
birž. 12 14:20:27 nixos kernel: ACPI: PCI: Interrupt link LNKG configured for IRQ 0
birž. 12 14:20:27 nixos kernel: ACPI: PCI: Interrupt link LNKH configured for IRQ 0
birž. 12 14:20:27 nixos kernel: Low-power S0 idle used by default for system suspend
birž. 12 14:20:27 nixos kernel: ACPI: EC: interrupt unblocked
birž. 12 14:20:27 nixos kernel: ACPI: EC: event unblocked
birž. 12 14:20:27 nixos kernel: ACPI: EC: EC_CMD/EC_SC=0x66, EC_DATA=0x62
birž. 12 14:20:27 nixos kernel: ACPI: EC: GPE=0x6e
birž. 12 14:20:27 nixos kernel: ACPI: \_SB_.PC00.LPCB.EC__: Boot DSDT EC initialization complete
birž. 12 14:20:27 nixos kernel: ACPI: \_SB_.PC00.LPCB.EC__: EC: Used to handle transactions and events
birž. 12 14:20:27 nixos kernel: iommu: Default domain type: Translated 
birž. 12 14:20:27 nixos kernel: iommu: DMA domain TLB invalidation policy: lazy mode 
birž. 12 14:20:27 nixos kernel: Registered efivars operations
birž. 12 14:20:27 nixos kernel: NetLabel: Initializing
birž. 12 14:20:27 nixos kernel: NetLabel:  domain hash size = 128
birž. 12 14:20:27 nixos kernel: NetLabel:  protocols = UNLABELED CIPSOv4 CALIPSO
birž. 12 14:20:27 nixos kernel: NetLabel:  unlabeled traffic allowed by default
birž. 12 14:20:27 nixos kernel: PCI: Using ACPI for IRQ routing
birž. 12 14:20:27 nixos kernel: PCI: pci_cache_line_size set to 64 bytes
birž. 12 14:20:27 nixos kernel: pci 0000:00:1f.5: can't claim BAR 0 [mem 0xfe010000-0xfe010fff]: no compatible bridge window
birž. 12 14:20:27 nixos kernel: e820: reserve RAM buffer [mem 0x0009e000-0x0009ffff]
birž. 12 14:20:27 nixos kernel: e820: reserve RAM buffer [mem 0x3eb93000-0x3fffffff]
birž. 12 14:20:27 nixos kernel: e820: reserve RAM buffer [mem 0x3f46e000-0x3fffffff]
birž. 12 14:20:27 nixos kernel: e820: reserve RAM buffer [mem 0x5a455000-0x5bffffff]
birž. 12 14:20:27 nixos kernel: e820: reserve RAM buffer [mem 0x5e51c000-0x5fffffff]
birž. 12 14:20:27 nixos kernel: e820: reserve RAM buffer [mem 0x619b4000-0x63ffffff]
birž. 12 14:20:27 nixos kernel: e820: reserve RAM buffer [mem 0x67f00000-0x67ffffff]
birž. 12 14:20:27 nixos kernel: e820: reserve RAM buffer [mem 0x48bc00000-0x48bffffff]
birž. 12 14:20:27 nixos kernel: pci 0000:00:02.0: vgaarb: setting as boot VGA device
birž. 12 14:20:27 nixos kernel: pci 0000:00:02.0: vgaarb: bridge control possible
birž. 12 14:20:27 nixos kernel: pci 0000:00:02.0: vgaarb: VGA device added: decodes=io+mem,owns=io+mem,locks=none
birž. 12 14:20:27 nixos kernel: pci 0000:01:00.0: vgaarb: bridge control possible
birž. 12 14:20:27 nixos kernel: pci 0000:01:00.0: vgaarb: VGA device added: decodes=io+mem,owns=none,locks=none
birž. 12 14:20:27 nixos kernel: vgaarb: loaded
birž. 12 14:20:27 nixos kernel: clocksource: Switched to clocksource tsc-early
birž. 12 14:20:27 nixos kernel: VFS: Disk quotas dquot_6.6.0
birž. 12 14:20:27 nixos kernel: VFS: Dquot-cache hash table entries: 512 (order 0, 4096 bytes)
birž. 12 14:20:27 nixos kernel: pnp: PnP ACPI init
birž. 12 14:20:27 nixos kernel: system 00:02: [io  0x0680-0x069f] has been reserved
birž. 12 14:20:27 nixos kernel: system 00:02: [io  0x164e-0x164f] has been reserved
birž. 12 14:20:27 nixos kernel: system 00:03: [io  0x1854-0x1857] has been reserved
birž. 12 14:20:27 nixos kernel: pnp 00:04: disabling [mem 0xc0000000-0xcfffffff] because it overlaps 0000:00:02.0 BAR 9 [mem 0x00000000-0xdfffffff 64bit pref]
birž. 12 14:20:27 nixos kernel: system 00:04: [mem 0xfedc0000-0xfedc7fff] has been reserved
birž. 12 14:20:27 nixos kernel: system 00:04: [mem 0xfeda0000-0xfeda0fff] has been reserved
birž. 12 14:20:27 nixos kernel: system 00:04: [mem 0xfeda1000-0xfeda1fff] has been reserved
birž. 12 14:20:27 nixos kernel: system 00:04: [mem 0xfed20000-0xfed7ffff] could not be reserved
birž. 12 14:20:27 nixos kernel: system 00:04: [mem 0xfed90000-0xfed93fff] could not be reserved
birž. 12 14:20:27 nixos kernel: system 00:04: [mem 0xfed45000-0xfed8ffff] could not be reserved
birž. 12 14:20:27 nixos kernel: system 00:04: [mem 0xfee00000-0xfeefffff] could not be reserved
birž. 12 14:20:27 nixos kernel: system 00:05: [io  0x2000-0x20fe] has been reserved
birž. 12 14:20:27 nixos kernel: pnp: PnP ACPI: found 7 devices
birž. 12 14:20:27 nixos kernel: clocksource: acpi_pm: mask: 0xffffff max_cycles: 0xffffff, max_idle_ns: 2085701024 ns
birž. 12 14:20:27 nixos kernel: NET: Registered PF_INET protocol family
birž. 12 14:20:27 nixos kernel: IP idents hash table entries: 262144 (order: 9, 2097152 bytes, linear)
birž. 12 14:20:27 nixos kernel: tcp_listen_portaddr_hash hash table entries: 8192 (order: 5, 131072 bytes, linear)
birž. 12 14:20:27 nixos kernel: Table-perturb hash table entries: 65536 (order: 6, 262144 bytes, linear)
birž. 12 14:20:27 nixos kernel: TCP established hash table entries: 131072 (order: 8, 1048576 bytes, linear)
birž. 12 14:20:27 nixos kernel: TCP bind hash table entries: 65536 (order: 9, 2097152 bytes, linear)
birž. 12 14:20:27 nixos kernel: TCP: Hash tables configured (established 131072 bind 65536)
birž. 12 14:20:27 nixos kernel: MPTCP token hash table entries: 16384 (order: 6, 393216 bytes, linear)
birž. 12 14:20:27 nixos kernel: UDP hash table entries: 8192 (order: 6, 262144 bytes, linear)
birž. 12 14:20:27 nixos kernel: UDP-Lite hash table entries: 8192 (order: 6, 262144 bytes, linear)
birž. 12 14:20:27 nixos kernel: NET: Registered PF_UNIX/PF_LOCAL protocol family
birž. 12 14:20:27 nixos kernel: NET: Registered PF_XDP protocol family
birž. 12 14:20:27 nixos kernel: clipped [mem size 0x00000000 64bit pref] to [mem size 0xfffffffffffe0000 64bit pref] for e820 entry [mem 0x000a0000-0x000fffff]
birž. 12 14:20:27 nixos kernel: pci 0000:00:02.0: BAR 9: assigned [mem 0x4020000000-0x40ffffffff 64bit pref]
birž. 12 14:20:27 nixos kernel: clipped [mem size 0x00000000 64bit] to [mem size 0xfffffffffffe0000 64bit] for e820 entry [mem 0x000a0000-0x000fffff]
birž. 12 14:20:27 nixos kernel: pci 0000:00:02.0: BAR 7: assigned [mem 0x4010000000-0x4016ffffff 64bit]
birž. 12 14:20:27 nixos kernel: clipped [mem size 0x00000000 64bit] to [mem size 0xfffffffffffe0000 64bit] for e820 entry [mem 0x000a0000-0x000fffff]
birž. 12 14:20:27 nixos kernel: pci 0000:00:15.0: BAR 0: assigned [mem 0x4017000000-0x4017000fff 64bit]
birž. 12 14:20:27 nixos kernel: clipped [mem size 0x00020000] to [mem size 0xfffffffffffc0000] for e820 entry [mem 0x000a0000-0x000fffff]
birž. 12 14:20:27 nixos kernel: clipped [mem size 0x00010000] to [mem size 0xffffffffffff0000] for e820 entry [mem 0x000a0000-0x000fffff]
birž. 12 14:20:27 nixos kernel: pci 0000:00:1f.5: BAR 0: assigned [mem 0x74400000-0x74400fff]
birž. 12 14:20:27 nixos kernel: pci 0000:00:01.0: PCI bridge to [bus 01]
birž. 12 14:20:27 nixos kernel: pci 0000:00:01.0:   bridge window [io  0x4000-0x4fff]
birž. 12 14:20:27 nixos kernel: pci 0000:00:01.0:   bridge window [mem 0x75000000-0x760fffff]
birž. 12 14:20:27 nixos kernel: pci 0000:00:01.0:   bridge window [mem 0x6000000000-0x6201ffffff 64bit pref]
birž. 12 14:20:27 nixos kernel: pci 0000:00:06.0: PCI bridge to [bus 02]
birž. 12 14:20:27 nixos kernel: pci 0000:00:06.2: PCI bridge to [bus 03]
birž. 12 14:20:27 nixos kernel: pci 0000:00:06.2:   bridge window [mem 0x76200000-0x762fffff]
birž. 12 14:20:27 nixos kernel: pci 0000:00:1c.0: PCI bridge to [bus 04]
birž. 12 14:20:27 nixos kernel: pci 0000:00:1c.5: PCI bridge to [bus 05]
birž. 12 14:20:27 nixos kernel: pci 0000:00:1c.5:   bridge window [io  0x3000-0x3fff]
birž. 12 14:20:27 nixos kernel: pci 0000:00:1c.5:   bridge window [mem 0x76100000-0x761fffff]
birž. 12 14:20:27 nixos kernel: pci_bus 0000:00: resource 4 [io  0x0000-0x0cf7 window]
birž. 12 14:20:27 nixos kernel: pci_bus 0000:00: resource 5 [io  0x0d00-0xffff window]
birž. 12 14:20:27 nixos kernel: pci_bus 0000:00: resource 6 [mem 0x000a0000-0x000bffff window]
birž. 12 14:20:27 nixos kernel: pci_bus 0000:00: resource 7 [mem 0x000e0000-0x000fffff window]
birž. 12 14:20:27 nixos kernel: pci_bus 0000:00: resource 8 [mem 0x74400000-0xbfffffff window]
birž. 12 14:20:27 nixos kernel: pci_bus 0000:00: resource 9 [mem 0x4000000000-0x7fffffffff window]
birž. 12 14:20:27 nixos kernel: pci_bus 0000:00: resource 10 [mem 0xfe0b0400-0xfe0b13ff window]
birž. 12 14:20:27 nixos kernel: pci_bus 0000:01: resource 0 [io  0x4000-0x4fff]
birž. 12 14:20:27 nixos kernel: pci_bus 0000:01: resource 1 [mem 0x75000000-0x760fffff]
birž. 12 14:20:27 nixos kernel: pci_bus 0000:01: resource 2 [mem 0x6000000000-0x6201ffffff 64bit pref]
birž. 12 14:20:27 nixos kernel: pci_bus 0000:03: resource 1 [mem 0x76200000-0x762fffff]
birž. 12 14:20:27 nixos kernel: pci_bus 0000:05: resource 0 [io  0x3000-0x3fff]
birž. 12 14:20:27 nixos kernel: pci_bus 0000:05: resource 1 [mem 0x76100000-0x761fffff]
birž. 12 14:20:27 nixos kernel: pci 0000:01:00.1: extending delay after power-on from D3hot to 20 msec
birž. 12 14:20:27 nixos kernel: pci 0000:01:00.1: D0 power state depends on 0000:01:00.0
birž. 12 14:20:27 nixos kernel: PCI: CLS 64 bytes, default 64
birž. 12 14:20:27 nixos kernel: PCI-DMA: Using software bounce buffering for IO (SWIOTLB)
birž. 12 14:20:27 nixos kernel: software IO TLB: mapped [mem 0x0000000054d10000-0x0000000058d10000] (64MB)
birž. 12 14:20:27 nixos kernel: clocksource: tsc: mask: 0xffffffffffffffff max_cycles: 0x23fa772cf26, max_idle_ns: 440795269835 ns
birž. 12 14:20:27 nixos kernel: Trying to unpack rootfs image as initramfs...
birž. 12 14:20:27 nixos kernel: clocksource: Switched to clocksource tsc
birž. 12 14:20:27 nixos kernel: platform rtc_cmos: registered platform RTC device (no PNP device found)
birž. 12 14:20:27 nixos kernel: Initialise system trusted keyrings
birž. 12 14:20:27 nixos kernel: workingset: timestamp_bits=40 max_order=22 bucket_order=0
birž. 12 14:20:27 nixos kernel: zbud: loaded
birž. 12 14:20:27 nixos kernel: Key type asymmetric registered
birž. 12 14:20:27 nixos kernel: Asymmetric key parser 'x509' registered
birž. 12 14:20:27 nixos kernel: Freeing initrd memory: 19224K
birž. 12 14:20:27 nixos kernel: alg: self-tests for CTR-KDF (hmac(sha256)) passed
birž. 12 14:20:27 nixos kernel: Block layer SCSI generic (bsg) driver version 0.4 loaded (major 252)
birž. 12 14:20:27 nixos kernel: io scheduler mq-deadline registered
birž. 12 14:20:27 nixos kernel: io scheduler kyber registered
birž. 12 14:20:27 nixos kernel: pcieport 0000:00:01.0: PME: Signaling with IRQ 122
birž. 12 14:20:27 nixos kernel: pcieport 0000:00:06.0: PME: Signaling with IRQ 123
birž. 12 14:20:27 nixos kernel: pcieport 0000:00:06.2: PME: Signaling with IRQ 124
birž. 12 14:20:27 nixos kernel: pcieport 0000:00:1c.0: PME: Signaling with IRQ 125
birž. 12 14:20:27 nixos kernel: pcieport 0000:00:1c.5: PME: Signaling with IRQ 126
birž. 12 14:20:27 nixos kernel: Serial: 8250/16550 driver, 4 ports, IRQ sharing enabled
birž. 12 14:20:27 nixos kernel: hpet_acpi_add: no address or irqs in _CRS
birž. 12 14:20:27 nixos kernel: intel_pstate: Intel P-state driver initializing
birž. 12 14:20:27 nixos kernel: intel_pstate: HWP enabled
birž. 12 14:20:27 nixos kernel: efifb: probing for efifb
birž. 12 14:20:27 nixos kernel: efifb: Ignoring BGRT: unexpected or invalid BMP data
birž. 12 14:20:27 nixos kernel: efifb: framebuffer at 0x4000000000, using 1920k, total 1920k
birž. 12 14:20:27 nixos kernel: efifb: mode is 800x600x32, linelength=3200, pages=1
birž. 12 14:20:27 nixos kernel: efifb: scrolling: redraw
birž. 12 14:20:27 nixos kernel: efifb: Truecolor: size=8:8:8:8, shift=24:16:8:0
birž. 12 14:20:27 nixos kernel: fbcon: Deferring console take-over
birž. 12 14:20:27 nixos kernel: fb0: EFI VGA frame buffer device
birž. 12 14:20:27 nixos kernel: drop_monitor: Initializing network drop monitor service
birž. 12 14:20:27 nixos kernel: NET: Registered PF_INET6 protocol family
birž. 12 14:20:27 nixos kernel: Segment Routing with IPv6
birž. 12 14:20:27 nixos kernel: In-situ OAM (IOAM) with IPv6
birž. 12 14:20:27 nixos kernel: microcode: sig=0x906a3, pf=0x80, revision=0x42a
birž. 12 14:20:27 nixos kernel: microcode: Microcode Update Driver: v2.2.
birž. 12 14:20:27 nixos kernel: IPI shorthand broadcast: enabled
birž. 12 14:20:27 nixos kernel: sched_clock: Marking stable (1030270704, 6335856)->(780317866, 256288694)
birž. 12 14:20:27 nixos kernel: registered taskstats version 1
birž. 12 14:20:27 nixos kernel: Loading compiled-in X.509 certificates
birž. 12 14:20:27 nixos kernel: zswap: loaded using pool lzo/zbud
birž. 12 14:20:27 nixos kernel: Key type .fscrypt registered
birž. 12 14:20:27 nixos kernel: Key type fscrypt-provisioning registered
birž. 12 14:20:27 nixos kernel: Freeing unused decrypted memory: 2036K
birž. 12 14:20:27 nixos kernel: Freeing unused kernel image (initmem) memory: 1876K
birž. 12 14:20:27 nixos kernel: Write protecting the kernel read-only data: 22528k
birž. 12 14:20:27 nixos kernel: Freeing unused kernel image (text/rodata gap) memory: 2040K
birž. 12 14:20:27 nixos kernel: Freeing unused kernel image (rodata/data gap) memory: 652K
birž. 12 14:20:27 nixos kernel: x86/mm: Checked W+X mappings: passed, no W+X pages found.
birž. 12 14:20:27 nixos kernel: Run /init as init process
birž. 12 14:20:27 nixos kernel:   with arguments:
birž. 12 14:20:27 nixos kernel:     /init
birž. 12 14:20:27 nixos kernel:   with environment:
birž. 12 14:20:27 nixos kernel:     HOME=/
birž. 12 14:20:27 nixos kernel:     TERM=linux
birž. 12 14:20:27 nixos kernel:     BOOT_IMAGE=(hd0,gpt1)//kernels/2l05brrmb1ivggx7qb8x4ikm7zqwp37p-linux-6.1.31-bzImage
birž. 12 14:20:27 nixos kernel: fbcon: Taking over console
birž. 12 14:20:27 nixos kernel: Console: switching to colour frame buffer device 100x37
birž. 12 14:20:27 nixos stage-1-init: [Mon Jun 12 11:20:25 UTC 2023] loading module dm_mod...
birž. 12 14:20:27 nixos kernel: device-mapper: ioctl: 4.47.0-ioctl (2022-07-28) initialised: dm-devel@redhat.com
birž. 12 14:20:27 nixos stage-1-init: [Mon Jun 12 11:20:26 UTC 2023] running udev...
birž. 12 14:20:27 nixos stage-1-init: [Mon Jun 12 11:20:26 UTC 2023] Starting systemd-udevd version 253.3
birž. 12 14:20:27 nixos kernel: i8042: PNP: PS/2 Controller [PNP0303:PS2K,PNP0f13:PS2M] at 0x60,0x64 irq 1,12
birž. 12 14:20:27 nixos kernel: serio: i8042 KBD port at 0x60,0x64 irq 1
birž. 12 14:20:27 nixos kernel: serio: i8042 AUX port at 0x60,0x64 irq 12
birž. 12 14:20:27 nixos kernel: rtc_cmos rtc_cmos: RTC can wake from S4
birž. 12 14:20:27 nixos kernel: rtc_cmos rtc_cmos: registered as rtc0
birž. 12 14:20:27 nixos kernel: rtc_cmos rtc_cmos: alarms up to one month, y3k, 114 bytes nvram
birž. 12 14:20:27 nixos kernel: SCSI subsystem initialized
birž. 12 14:20:27 nixos kernel: ACPI: bus type USB registered
birž. 12 14:20:27 nixos kernel: usbcore: registered new interface driver usbfs
birž. 12 14:20:27 nixos kernel: usbcore: registered new interface driver hub
birž. 12 14:20:27 nixos kernel: usbcore: registered new device driver usb
birž. 12 14:20:27 nixos kernel: input: AT Translated Set 2 keyboard as /devices/platform/i8042/serio0/input/input0
birž. 12 14:20:27 nixos kernel: nvme 0000:03:00.0: platform quirk: setting simple suspend
birž. 12 14:20:27 nixos kernel: nvme nvme0: pci function 0000:03:00.0
birž. 12 14:20:27 nixos kernel: nvme nvme0: Shutdown timeout set to 8 seconds
birž. 12 14:20:27 nixos kernel: libata version 3.00 loaded.
birž. 12 14:20:27 nixos kernel: nvme nvme0: allocated 64 MiB host memory buffer.
birž. 12 14:20:27 nixos kernel: nvme nvme0: 12/0/0 default/read/poll queues
birž. 12 14:20:27 nixos kernel:  nvme0n1: p1 p2 p3
birž. 12 14:20:27 nixos kernel: xhci_hcd 0000:00:14.0: xHCI Host Controller
birž. 12 14:20:27 nixos kernel: xhci_hcd 0000:00:14.0: new USB bus registered, assigned bus number 1
birž. 12 14:20:27 nixos kernel: xhci_hcd 0000:00:14.0: hcc params 0x20007fc1 hci version 0x120 quirks 0x0000100200009810
birž. 12 14:20:27 nixos kernel: xhci_hcd 0000:00:14.0: xHCI Host Controller
birž. 12 14:20:27 nixos kernel: xhci_hcd 0000:00:14.0: new USB bus registered, assigned bus number 2
birž. 12 14:20:27 nixos kernel: xhci_hcd 0000:00:14.0: Host supports USB 3.1 Enhanced SuperSpeed
birž. 12 14:20:27 nixos kernel: usb usb1: New USB device found, idVendor=1d6b, idProduct=0002, bcdDevice= 6.01
birž. 12 14:20:27 nixos kernel: usb usb1: New USB device strings: Mfr=3, Product=2, SerialNumber=1
birž. 12 14:20:27 nixos kernel: usb usb1: Product: xHCI Host Controller
birž. 12 14:20:27 nixos kernel: usb usb1: Manufacturer: Linux 6.1.31 xhci-hcd
birž. 12 14:20:27 nixos kernel: usb usb1: SerialNumber: 0000:00:14.0
birž. 12 14:20:27 nixos kernel: hub 1-0:1.0: USB hub found
birž. 12 14:20:27 nixos kernel: hub 1-0:1.0: 12 ports detected
birž. 12 14:20:27 nixos kernel: ahci 0000:00:17.0: version 3.0
birž. 12 14:20:27 nixos kernel: usb usb2: New USB device found, idVendor=1d6b, idProduct=0003, bcdDevice= 6.01
birž. 12 14:20:27 nixos kernel: usb usb2: New USB device strings: Mfr=3, Product=2, SerialNumber=1
birž. 12 14:20:27 nixos kernel: usb usb2: Product: xHCI Host Controller
birž. 12 14:20:27 nixos kernel: usb usb2: Manufacturer: Linux 6.1.31 xhci-hcd
birž. 12 14:20:27 nixos kernel: usb usb2: SerialNumber: 0000:00:14.0
birž. 12 14:20:27 nixos kernel: ahci 0000:00:17.0: AHCI 0001.0301 32 slots 1 ports 6 Gbps 0x2 impl SATA mode
birž. 12 14:20:27 nixos kernel: ahci 0000:00:17.0: flags: 64bit ncq sntf pm clo only pio slum part deso sadm sds 
birž. 12 14:20:27 nixos kernel: hub 2-0:1.0: USB hub found
birž. 12 14:20:27 nixos kernel: hub 2-0:1.0: 4 ports detected
birž. 12 14:20:27 nixos kernel: scsi host0: ahci
birž. 12 14:20:27 nixos kernel: scsi host1: ahci
birž. 12 14:20:27 nixos kernel: ata1: DUMMY
birž. 12 14:20:27 nixos kernel: ata2: SATA max UDMA/133 abar m2048@0x76302000 port 0x76302180 irq 141
birž. 12 14:20:27 nixos kernel: usb 1-6: new high-speed USB device number 2 using xhci_hcd
birž. 12 14:20:27 nixos kernel: ata2: SATA link down (SStatus 4 SControl 300)
birž. 12 14:20:27 nixos stage-1-init: [Mon Jun 12 11:20:26 UTC 2023] starting device mapper and LVM...
birž. 12 14:20:27 nixos stage-1-init: [Mon Jun 12 11:20:26 UTC 2023] checking /dev/disk/by-uuid/5b07d370-18c2-4cc9-a7b7-e3be8c791141...
birž. 12 14:20:27 nixos stage-1-init: [Mon Jun 12 11:20:26 UTC 2023] fsck (busybox 1.36.1)
birž. 12 14:20:27 nixos stage-1-init: [Mon Jun 12 11:20:26 UTC 2023] [fsck.ext4 (1) -- /mnt-root/] fsck.ext4 -a /dev/disk/by-uuid/5b07d370-18c2-4cc9-a7b7-e3be8c791141
birž. 12 14:20:27 nixos stage-1-init: [Mon Jun 12 11:20:26 UTC 2023] /dev/disk/by-uuid/5b07d370-18c2-4cc9-a7b7-e3be8c791141: clean, 1273647/30121984 files, 13952082/120469760 blocks
birž. 12 14:20:27 nixos stage-1-init: [Mon Jun 12 11:20:26 UTC 2023] mounting /dev/disk/by-uuid/5b07d370-18c2-4cc9-a7b7-e3be8c791141 on /...
birž. 12 14:20:27 nixos kernel: usb 1-6: New USB device found, idVendor=5986, idProduct=211b, bcdDevice= 3.14
birž. 12 14:20:27 nixos kernel: usb 1-6: New USB device strings: Mfr=1, Product=2, SerialNumber=0
birž. 12 14:20:27 nixos kernel: usb 1-6: Product: HD Webcam
birž. 12 14:20:27 nixos kernel: usb 1-6: Manufacturer: SunplusIT Inc
birž. 12 14:20:27 nixos kernel: EXT4-fs (nvme0n1p2): mounted filesystem with ordered data mode. Quota mode: none.
birž. 12 14:20:27 nixos kernel: EXT4-fs (nvme0n1p2): re-mounted. Quota mode: none.
birž. 12 14:20:27 nixos kernel: usb 1-10: new full-speed USB device number 3 using xhci_hcd
birž. 12 14:20:27 nixos kernel: EXT4-fs (nvme0n1p2): re-mounted. Quota mode: none.
birž. 12 14:20:27 nixos unknown: booting system configuration /nix/store/5r96wzx3v4iqiy8jv59z8hlx8bwvjrd7-nixos-system-nixos-23.05.457.f0ba8235153
birž. 12 14:20:27 nixos stage-2-init: running activation script...
birž. 12 14:20:27 nixos stage-2-init: setting up /etc...
birž. 12 14:20:27 nixos kernel: usb 1-10: New USB device found, idVendor=8087, idProduct=0026, bcdDevice= 0.02
birž. 12 14:20:27 nixos kernel: usb 1-10: New USB device strings: Mfr=0, Product=0, SerialNumber=0
birž. 12 14:20:27 nixos systemd[1]: Inserted module 'autofs4'
birž. 12 14:20:27 nixos systemd[1]: systemd 253.3 running in system mode (+PAM +AUDIT -SELINUX +APPARMOR +IMA +SMACK +SECCOMP +GCRYPT -GNUTLS +OPENSSL +ACL +BLKID +CURL +ELFUTILS +FIDO2 +IDN2 -IDN +IPTC +KMOD +LIBCRYPTSETUP +LIBFDISK +PCRE2 -PWQUALITY +P11KIT -QRENCODE +TPM2 +BZIP2 +LZ4 +XZ +ZLIB +ZSTD +BPF_FRAMEWORK -XKBCOMMON +UTMP -SYSVINIT default-hierarchy=unified)
birž. 12 14:20:27 nixos systemd[1]: Detected architecture x86-64.
birž. 12 14:20:27 nixos systemd[1]: bpf-lsm: LSM BPF program attached
birž. 12 14:20:27 nixos systemd[1]: /etc/systemd/system/cups.socket:5: ListenStream= references a path below legacy directory /var/run/, updating /var/run/cups/cups.sock → /run/cups/cups.sock; please update the unit file accordingly.
birž. 12 14:20:27 nixos systemd[1]: plymouth-quit.service: Service has no ExecStart=, ExecStop=, or SuccessAction=. Refusing.
birž. 12 14:20:27 nixos systemd[1]: Queued start job for default target Graphical Interface.
birž. 12 14:20:27 nixos systemd[1]: Created slice Virtual Machine and Container Slice.
birž. 12 14:20:27 nixos systemd[1]: Created slice Slice /system/getty.
birž. 12 14:20:27 nixos systemd[1]: Created slice Slice /system/modprobe.
birž. 12 14:20:27 nixos systemd[1]: Created slice Slice /system/systemd-fsck.
birž. 12 14:20:27 nixos systemd[1]: Created slice User and Session Slice.
birž. 12 14:20:27 nixos systemd[1]: Started Dispatch Password Requests to Console Directory Watch.
birž. 12 14:20:27 nixos systemd[1]: Started Forward Password Requests to Wall Directory Watch.
birž. 12 14:20:27 nixos systemd[1]: Reached target Local Encrypted Volumes.
birž. 12 14:20:27 nixos systemd[1]: Reached target Containers.
birž. 12 14:20:27 nixos systemd[1]: Reached target Path Units.
birž. 12 14:20:27 nixos systemd[1]: Reached target Remote File Systems.
birž. 12 14:20:27 nixos systemd[1]: Reached target Slice Units.
birž. 12 14:20:27 nixos systemd[1]: Listening on Process Core Dump Socket.
birž. 12 14:20:27 nixos systemd[1]: Listening on Journal Socket (/dev/log).
birž. 12 14:20:27 nixos systemd[1]: Listening on Journal Socket.
birž. 12 14:20:27 nixos systemd[1]: Listening on Userspace Out-Of-Memory (OOM) Killer Socket.
birž. 12 14:20:27 nixos systemd[1]: Listening on udev Control Socket.
birž. 12 14:20:27 nixos systemd[1]: Listening on udev Kernel Socket.
birž. 12 14:20:27 nixos systemd[1]: Mounting Huge Pages File System...
birž. 12 14:20:27 nixos systemd[1]: Mounting POSIX Message Queue File System...
birž. 12 14:20:27 nixos systemd[1]: Mounting Kernel Debug File System...
birž. 12 14:20:27 nixos systemd[1]: Starting Create List of Static Device Nodes...
birž. 12 14:20:27 nixos systemd[1]: Starting Load Kernel Module configfs...
birž. 12 14:20:27 nixos systemd[1]: Starting Load Kernel Module drm...
birž. 12 14:20:27 nixos systemd[1]: Starting Load Kernel Module efi_pstore...
birž. 12 14:20:27 nixos systemd[1]: Starting Load Kernel Module fuse...
birž. 12 14:20:27 nixos systemd[1]: Starting mount-pstore.service...
birž. 12 14:20:27 nixos systemd[1]: File System Check on Root Device was skipped because of an unmet condition check (ConditionPathIsReadWrite=!/).
birž. 12 14:20:27 nixos systemd[1]: Starting Journal Service...
birž. 12 14:20:27 nixos systemd[1]: Starting Load Kernel Modules...
birž. 12 14:20:27 nixos systemd[1]: Starting Remount Root and Kernel File Systems...
birž. 12 14:20:27 nixos kernel: pstore: Using crash dump compression: deflate
birž. 12 14:20:27 nixos systemd[1]: Starting Coldplug All udev Devices...
birž. 12 14:20:27 nixos systemd[1]: Mounted Huge Pages File System.
birž. 12 14:20:27 nixos systemd[1]: Mounted POSIX Message Queue File System.
birž. 12 14:20:27 nixos systemd[1]: Mounted Kernel Debug File System.
birž. 12 14:20:27 nixos kernel: fuse: init (API version 7.37)
birž. 12 14:20:27 nixos kernel: EXT4-fs (nvme0n1p2): re-mounted. Quota mode: none.
birž. 12 14:20:27 nixos systemd-journald[593]: Collecting audit messages is disabled.
birž. 12 14:20:27 nixos kernel: pstore: Registered efi as persistent store backend
birž. 12 14:20:27 nixos systemd[1]: Finished Create List of Static Device Nodes.
birž. 12 14:20:27 nixos systemd[1]: modprobe@configfs.service: Deactivated successfully.
birž. 12 14:20:27 nixos systemd-journald[593]: Journal started
birž. 12 14:20:27 nixos systemd-journald[593]: Runtime Journal (/run/log/journal/dc3d01d6ec1a4aa385dc7024f66e13cd) is 8.0M, max 392.7M, 384.7M free.
birž. 12 14:20:27 nixos kernel: ACPI: bus type drm_connector registered
birž. 12 14:20:27 nixos systemd[1]: Finished Load Kernel Module configfs.
birž. 12 14:20:27 nixos systemd[1]: Started Journal Service.
birž. 12 14:20:27 nixos systemd[1]: modprobe@drm.service: Deactivated successfully.
birž. 12 14:20:27 nixos systemd[1]: Finished Load Kernel Module drm.
birž. 12 14:20:27 nixos systemd[1]: modprobe@efi_pstore.service: Deactivated successfully.
birž. 12 14:20:27 nixos systemd[1]: Finished Load Kernel Module efi_pstore.
birž. 12 14:20:27 nixos systemd[1]: modprobe@fuse.service: Deactivated successfully.
birž. 12 14:20:27 nixos systemd[1]: Finished Load Kernel Module fuse.
birž. 12 14:20:27 nixos systemd-modules-load[594]: Inserted module 'kvm_intel'
birž. 12 14:20:27 nixos systemd[1]: Finished Remount Root and Kernel File Systems.
birž. 12 14:20:27 nixos systemd-modules-load[594]: Inserted module 'bridge'
birž. 12 14:20:27 nixos kernel: bridge: filtering via arp/ip/ip6tables is no longer available by default. Update your scripts to load br_netfilter if you need this.
birž. 12 14:20:27 nixos systemd-modules-load[594]: Inserted module 'macvlan'
birž. 12 14:20:27 nixos systemd-modules-load[594]: Inserted module 'tap'
birž. 12 14:20:27 nixos systemd-modules-load[594]: Inserted module 'tun'
birž. 12 14:20:27 nixos kernel: tun: Universal TUN/TAP device driver, 1.6
birž. 12 14:20:27 nixos systemd-modules-load[594]: Inserted module 'cpufreq_ondemand'
birž. 12 14:20:27 nixos systemd[1]: Finished Coldplug All udev Devices.
birž. 12 14:20:27 nixos systemd-modules-load[594]: Inserted module 'loop'
birž. 12 14:20:27 nixos kernel: loop: module loaded
birž. 12 14:20:27 nixos systemd-modules-load[594]: Inserted module 'ctr'
birž. 12 14:20:27 nixos systemd-modules-load[594]: Inserted module 'msr'
birž. 12 14:20:27 nixos systemd[1]: Finished mount-pstore.service.
birž. 12 14:20:27 nixos systemd[1]: Mounting FUSE Control File System...
birž. 12 14:20:27 nixos systemd[1]: Mounting Kernel Configuration File System...
birž. 12 14:20:27 nixos systemd[1]: Starting Flush Journal to Persistent Storage...
birž. 12 14:20:27 nixos systemd[1]: Platform Persistent Storage Archival was skipped because of an unmet condition check (ConditionDirectoryNotEmpty=/sys/fs/pstore).
birž. 12 14:20:27 nixos systemd[1]: Starting Load/Save OS Random Seed...
birž. 12 14:20:27 nixos systemd[1]: Starting Create Static Device Nodes in /dev...
birž. 12 14:20:27 nixos systemd-journald[593]: Time spent on flushing to /var/log/journal/dc3d01d6ec1a4aa385dc7024f66e13cd is 39.719ms for 807 entries.
birž. 12 14:20:27 nixos systemd-journald[593]: System Journal (/var/log/journal/dc3d01d6ec1a4aa385dc7024f66e13cd) is 460.6M, max 4.0G, 3.5G free.
birž. 12 14:20:27 nixos systemd-journald[593]: Received client request to flush runtime journal.
birž. 12 14:20:27 nixos systemd-journald[593]: /var/log/journal/dc3d01d6ec1a4aa385dc7024f66e13cd/system.journal: Monotonic clock jumped backwards relative to last journal entry, rotating.
birž. 12 14:20:27 nixos systemd-journald[593]: Rotating system journal.
birž. 12 14:20:27 nixos kernel: nvidia: loading out-of-tree module taints kernel.
birž. 12 14:20:27 nixos kernel: nvidia: module license 'NVIDIA' taints kernel.
birž. 12 14:20:27 nixos kernel: Disabling lock debugging due to kernel taint
birž. 12 14:20:27 nixos systemd[1]: Mounted FUSE Control File System.
birž. 12 14:20:27 nixos systemd[1]: Mounted Kernel Configuration File System.
birž. 12 14:20:27 nixos systemd[1]: Finished Load/Save OS Random Seed.
birž. 12 14:20:27 nixos systemd[1]: Finished Create Static Device Nodes in /dev.
birž. 12 14:20:27 nixos systemd[1]: Reached target Preparation for Local File Systems.
birž. 12 14:20:27 nixos systemd[1]: Starting Rule-based Manager for Device Events and Files...
birž. 12 14:20:27 nixos systemd-udevd[619]: Using default interface naming scheme 'v253'.
birž. 12 14:20:27 nixos systemd[1]: Finished Flush Journal to Persistent Storage.
birž. 12 14:20:27 nixos systemd[1]: Started Rule-based Manager for Device Events and Files.
birž. 12 14:20:27 nixos systemd[1]: Found device SAMSUNG MZVL4512HBLU-00BTW 1.
birž. 12 14:20:27 nixos kernel: nvidia-nvlink: Nvlink Core is being initialized, major device number 245
birž. 12 14:20:27 nixos kernel: 
birž. 12 14:20:27 nixos kernel: nvidia 0000:01:00.0: enabling device (0000 -> 0003)
birž. 12 14:20:27 nixos kernel: nvidia 0000:01:00.0: vgaarb: changed VGA decodes: olddecodes=io+mem,decodes=none:owns=none
birž. 12 14:20:27 nixos kernel: input: Intel HID events as /devices/platform/INTC1070:00/input/input2
birž. 12 14:20:27 nixos kernel: intel-hid INTC1070:00: platform supports 5 button array
birž. 12 14:20:27 nixos kernel: input: Intel HID 5 button array as /devices/platform/INTC1070:00/input/input3
birž. 12 14:20:27 nixos systemd[1]: Starting File System Check on /dev/disk/by-uuid/C09A-1557...
birž. 12 14:20:27 nixos kernel: input: Lid Switch as /devices/LNXSYSTM:00/LNXSYBUS:00/PNP0A08:00/device:35/PNP0C09:00/PNP0C0D:00/input/input4
birž. 12 14:20:27 nixos kernel: ACPI: AC: AC Adapter [ADP1] (off-line)
birž. 12 14:20:27 nixos kernel: wmi_bus wmi_bus-PNP0C14:00: WQAK data block query control method not found
birž. 12 14:20:27 nixos kernel: wmi_bus wmi_bus-PNP0C14:00: WQAL data block query control method not found
birž. 12 14:20:27 nixos kernel: ACPI: button: Lid Switch [LID0]
birž. 12 14:20:27 nixos kernel: input: Sleep Button as /devices/LNXSYSTM:00/LNXSYBUS:00/PNP0C0E:00/input/input5
birž. 12 14:20:27 nixos kernel: soc_button_array ACPI0011:00: Unknown button index 0 upage 01 usage c6, ignoring
birž. 12 14:20:27 nixos kernel: ACPI: button: Sleep Button [SLPB]
birž. 12 14:20:27 nixos kernel: intel_pmc_core INT33A1:00:  initialized
birž. 12 14:20:27 nixos kernel: input: Power Button as /devices/LNXSYSTM:00/LNXSYBUS:00/PNP0C0C:00/input/input6
birž. 12 14:20:27 nixos kernel: ACPI: button: Power Button [PWRB]
birž. 12 14:20:27 nixos systemd[1]: Found device SAMSUNG MZVL4512HBLU-00BTW swap.
birž. 12 14:20:27 nixos systemd[1]: Activating swap /dev/disk/by-uuid/e697942f-aef4-4301-bbd7-4c68b5b295ed...
birž. 12 14:20:27 nixos kernel: Adding 17696252k swap on /dev/nvme0n1p3.  Priority:-2 extents:1 across:17696252k SSFS
birž. 12 14:20:27 nixos kernel: NVRM: loading NVIDIA UNIX x86_64 Kernel Module  530.41.03  Thu Mar 16 19:48:20 UTC 2023
birž. 12 14:20:27 nixos systemd[1]: Activated swap /dev/disk/by-uuid/e697942f-aef4-4301-bbd7-4c68b5b295ed.
birž. 12 14:20:27 nixos systemd-fsck[671]: fsck.fat 4.2 (2021-01-31)
birž. 12 14:20:27 nixos systemd-fsck[671]: /dev/nvme0n1p1: 397 files, 34691/130812 clusters
birž. 12 14:20:27 nixos systemd[1]: Reached target Swaps.
birž. 12 14:20:27 nixos systemd[1]: Finished File System Check on /dev/disk/by-uuid/C09A-1557.
birž. 12 14:20:27 nixos kernel: hid: raw HID events driver (C) Jiri Kosina
birž. 12 14:20:27 nixos kernel: Consider using thermal netlink events interface
birž. 12 14:20:27 nixos kernel: thermal LNXTHERM:00: registered as thermal_zone0
birž. 12 14:20:27 nixos kernel: ACPI: thermal: Thermal Zone [THRM] (54 C)
birž. 12 14:20:27 nixos systemd[1]: Mounting /boot...
birž. 12 14:20:27 nixos kernel: ACPI: battery: Slot [BAT1] (battery present)
birž. 12 14:20:27 nixos kernel: i801_smbus 0000:00:1f.4: SPD Write Disable is set
birž. 12 14:20:27 nixos kernel: i801_smbus 0000:00:1f.4: SMBus using PCI interrupt
birž. 12 14:20:27 nixos kernel: mei_me 0000:00:16.0: enabling device (0000 -> 0002)
birž. 12 14:20:27 nixos kernel: i2c i2c-0: 2/2 memory slots populated (from DMI)
birž. 12 14:20:27 nixos kernel: i2c i2c-0: Successfully instantiated SPD at 0x50
birž. 12 14:20:27 nixos kernel: Linux agpgart interface v0.103
birž. 12 14:20:27 nixos kernel: intel-lpss 0000:00:15.0: enabling device (0004 -> 0006)
birž. 12 14:20:27 nixos kernel: idma64 idma64.0: Found Intel integrated DMA 64-bit
birž. 12 14:20:27 nixos kernel: nvidia_uvm: module uses symbols nvUvmInterfaceDisableAccessCntr from proprietary module nvidia, inheriting taint.
birž. 12 14:20:27 nixos kernel: r8169 0000:05:00.0: can't disable ASPM; OS doesn't have ASPM control
birž. 12 14:20:27 nixos kernel: input: MSI WMI hotkeys as /devices/virtual/input/input8
birž. 12 14:20:27 nixos systemd[1]: Mounted /boot.
birž. 12 14:20:27 nixos systemd[1]: Reached target Local File Systems.
birž. 12 14:20:27 nixos kernel: RAPL PMU: API unit is 2^-32 Joules, 4 fixed counters, 655360 ms ovfl timer
birž. 12 14:20:27 nixos kernel: RAPL PMU: hw unit of domain pp0-core 2^-14 Joules
birž. 12 14:20:27 nixos kernel: RAPL PMU: hw unit of domain package 2^-14 Joules
birž. 12 14:20:27 nixos kernel: RAPL PMU: hw unit of domain pp1-gpu 2^-14 Joules
birž. 12 14:20:27 nixos kernel: RAPL PMU: hw unit of domain psys 2^-14 Joules
birž. 12 14:20:27 nixos kernel: r8169 0000:05:00.0 eth0: RTL8168h/8111h, 04:7c:16:3a:0b:e7, XID 541, IRQ 143
birž. 12 14:20:27 nixos kernel: r8169 0000:05:00.0 eth0: jumbo features [frames: 9194 bytes, tx checksumming: ko]
birž. 12 14:20:27 nixos (udev-worker)[656]: nvidia: Process '/nix/store/rhvbjmcfnkg8i2dxpzr114cp1ws7f667-bash-5.2-p15/bin/bash -c 'mknod -m 666 /dev/nvidiactl c $(grep nvidia-frontend /proc/devices | cut -d \  -f 1) 255'' failed with exit code 1.
birž. 12 14:20:27 nixos kernel: cryptd: max_cpu_qlen set to 1000
birž. 12 14:20:27 nixos kernel: nvidia-uvm: Loaded the UVM driver, major device number 241.
birž. 12 14:20:27 nixos kernel: r8169 0000:05:00.0 enp5s0: renamed from eth0
birž. 12 14:20:27 nixos systemd-modules-load[594]: Inserted module 'nvidia_uvm'
birž. 12 14:20:27 nixos kernel: proc_thermal_pci 0000:00:04.0: enabling device (0000 -> 0002)
birž. 12 14:20:27 nixos kernel: intel_rapl_msr: PL4 support detected.
birž. 12 14:20:27 nixos kernel: intel_rapl_common: Found RAPL domain package
birž. 12 14:20:27 nixos kernel: intel_rapl_common: Found RAPL domain core
birž. 12 14:20:27 nixos kernel: intel_rapl_common: Found RAPL domain uncore
birž. 12 14:20:27 nixos kernel: intel_rapl_common: Found RAPL domain psys
birž. 12 14:20:27 nixos kernel: ee1004 0-0050: 512 byte EE1004-compliant SPD EEPROM, read-only
birž. 12 14:20:27 nixos kernel: nvidia-modeset: Loading NVIDIA Kernel Mode Setting Driver for UNIX platforms  530.41.03  Thu Mar 16 19:23:04 UTC 2023
birž. 12 14:20:27 nixos kernel: cfg80211: Loading compiled-in X.509 certificates for regulatory database
birž. 12 14:20:27 nixos kernel: cfg80211: Loaded X.509 cert 'sforshee: 00b28ddf47aef9cea7'
birž. 12 14:20:27 nixos kernel: [drm] [nvidia-drm] [GPU ID 0x00000100] Loading driver
birž. 12 14:20:27 nixos kernel: spi-nor spi0.0: mx25l25635e (32768 Kbytes)
birž. 12 14:20:27 nixos kernel: AVX2 version of gcm_enc/dec engaged.
birž. 12 14:20:27 nixos kernel: AES CTR mode by8 optimization enabled
birž. 12 14:20:27 nixos kernel: intel_rapl_common: Found RAPL domain package
birž. 12 14:20:27 nixos kernel: Creating 1 MTD partitions on "0000:00:1f.5":
birž. 12 14:20:27 nixos kernel: 0x000000000000-0x000002000000 : "BIOS"
birž. 12 14:20:27 nixos kernel: iTCO_wdt iTCO_wdt: Found a Intel PCH TCO device (Version=6, TCOBASE=0x0400)
birž. 12 14:20:27 nixos kernel: iTCO_wdt iTCO_wdt: initialized. heartbeat=30 sec (nowayout=0)
birž. 12 14:20:27 nixos systemd[1]: Starting Create Volatile Files and Directories...
birž. 12 14:20:27 nixos systemd-modules-load[594]: Inserted module 'nvidia_modeset'
birž. 12 14:20:27 nixos kernel: snd_hda_intel 0000:00:1f.3: DSP detected with PCI class/subclass/prog-if info 0x040100
birž. 12 14:20:27 nixos kernel: Intel(R) Wireless WiFi driver for Linux
birž. 12 14:20:27 nixos kernel: iwlwifi 0000:00:14.3: enabling device (0000 -> 0002)
birž. 12 14:20:27 nixos kernel: snd_hda_intel 0000:00:1f.3: Digital mics found on Skylake+ platform, using SOF driver
birž. 12 14:20:27 nixos systemd[1]: Finished Create Volatile Files and Directories.
birž. 12 14:20:27 nixos systemd[1]: Rebuild Journal Catalog was skipped because of an unmet condition check (ConditionNeedsUpdate=/var).
birž. 12 14:20:27 nixos systemd[1]: Starting Userspace Out-Of-Memory (OOM) Killer...
birž. 12 14:20:27 nixos systemd[1]: Starting Network Time Synchronization...
birž. 12 14:20:27 nixos systemd[1]: Update is Completed was skipped because no trigger condition checks were met.
birž. 12 14:20:27 nixos systemd[1]: Starting Record System Boot/Shutdown in UTMP...
birž. 12 14:20:27 nixos systemd[1]: Finished Record System Boot/Shutdown in UTMP.
birž. 12 14:20:27 nixos systemd[1]: Started Userspace Out-Of-Memory (OOM) Killer.
birž. 12 14:20:27 nixos kernel: ACPI Warning: Time parameter 250 us > 100 us violating ACPI spec, please fix the firmware. (20220331/exsystem-141)
birž. 12 14:20:27 nixos systemd[1]: Started Network Time Synchronization.
birž. 12 14:20:27 nixos kernel: iwlwifi 0000:00:14.3: api flags index 2 larger than supported by driver
birž. 12 14:20:27 nixos kernel: iwlwifi 0000:00:14.3: TLV_FW_FSEQ_VERSION: FSEQ Version: 0.0.2.36
birž. 12 14:20:27 nixos kernel: iwlwifi 0000:00:14.3: loaded firmware version 72.daa05125.0 so-a0-hr-b0-72.ucode op_mode iwlmvm
birž. 12 14:20:27 nixos tlp[721]: Error in configuration at CPU_SCALING_GOVERNOR_ON_BAT="ondemand": governor not available. Skipped.
birž. 12 14:20:28 nixos kernel: input: MSNB0001:00 04F3:30AA Mouse as /devices/pci0000:00/0000:00:15.0/i2c_designware.0/i2c-1/i2c-MSNB0001:00/0018:04F3:30AA.0001/input/input9
birž. 12 14:20:28 nixos kernel: input: MSNB0001:00 04F3:30AA Touchpad as /devices/pci0000:00/0000:00:15.0/i2c_designware.0/i2c-1/i2c-MSNB0001:00/0018:04F3:30AA.0001/input/input11
birž. 12 14:20:28 nixos kernel: hid-generic 0018:04F3:30AA.0001: input,hidraw0: I2C HID v1.00 Mouse [MSNB0001:00 04F3:30AA] on i2c-MSNB0001:00
birž. 12 14:20:28 nixos kernel: intel_tcc_cooling: Programmable TCC Offset detected
birž. 12 14:20:28 nixos kernel: input: MSNB0001:00 04F3:30AA Mouse as /devices/pci0000:00/0000:00:15.0/i2c_designware.0/i2c-1/i2c-MSNB0001:00/0018:04F3:30AA.0001/input/input12
birž. 12 14:20:28 nixos kernel: input: MSNB0001:00 04F3:30AA Touchpad as /devices/pci0000:00/0000:00:15.0/i2c_designware.0/i2c-1/i2c-MSNB0001:00/0018:04F3:30AA.0001/input/input14
birž. 12 14:20:28 nixos kernel: hid-multitouch 0018:04F3:30AA.0001: input,hidraw0: I2C HID v1.00 Mouse [MSNB0001:00 04F3:30AA] on i2c-MSNB0001:00
birž. 12 14:20:28 nixos kernel: Console: switching to colour dummy device 80x25
birž. 12 14:20:28 nixos kernel: i915 0000:00:02.0: vgaarb: deactivate vga console
birž. 12 14:20:28 nixos kernel: i915 0000:00:02.0: [drm] Using Transparent Hugepages
birž. 12 14:20:28 nixos kernel: i915 0000:00:02.0: vgaarb: changed VGA decodes: olddecodes=io+mem,decodes=none:owns=io+mem
birž. 12 14:20:28 nixos kernel: mei_hdcp 0000:00:16.0-b638ab7e-94e2-4ea2-a552-d1c54b627f04: bound 0000:00:02.0 (ops i915_hdcp_component_ops [i915])
birž. 12 14:20:28 nixos kernel: i915 0000:00:02.0: [drm] Finished loading DMC firmware i915/adlp_dmc_ver2_16.bin (v2.16)
birž. 12 14:20:28 nixos kernel: mousedev: PS/2 mouse device common for all mice
birž. 12 14:20:28 nixos kernel: i915 0000:00:02.0: [drm] GuC firmware i915/adlp_guc_70.bin version 70.5.1
birž. 12 14:20:28 nixos kernel: i915 0000:00:02.0: [drm] HuC firmware i915/tgl_huc.bin version 7.9.3
birž. 12 14:20:28 nixos kernel: i915 0000:00:02.0: [drm] HuC authenticated
birž. 12 14:20:28 nixos kernel: i915 0000:00:02.0: [drm] GuC submission enabled
birž. 12 14:20:28 nixos kernel: i915 0000:00:02.0: [drm] GuC SLPC enabled
birž. 12 14:20:28 nixos kernel: i915 0000:00:02.0: [drm] GuC RC: enabled
birž. 12 14:20:28 nixos kernel: iwlwifi 0000:00:14.3: Detected Intel(R) Wi-Fi 6 AX201 160MHz, REV=0x370
birž. 12 14:20:28 nixos kernel: thermal thermal_zone6: failed to read out thermal zone (-61)
birž. 12 14:20:28 nixos kernel: snd_hda_intel 0000:01:00.1: enabling device (0000 -> 0002)
birž. 12 14:20:28 nixos kernel: snd_hda_intel 0000:01:00.1: Disabling MSI
birž. 12 14:20:28 nixos kernel: snd_hda_intel 0000:01:00.1: Handle vga_switcheroo audio client
birž. 12 14:20:28 nixos mtp-probe[950]: checking bus 1, device 2: "/sys/devices/pci0000:00/0000:00:14.0/usb1/1-6"
birž. 12 14:20:28 nixos mtp-probe[950]: bus: 1, device: 2 was not an MTP device
birž. 12 14:20:28 nixos (udev-worker)[645]: nvidia: Process '/nix/store/rhvbjmcfnkg8i2dxpzr114cp1ws7f667-bash-5.2-p15/bin/bash -c 'for i in $(cat /proc/driver/nvidia/gpus/*/information | grep Minor | cut -d \  -f 4); do mknod -m 666 /dev/nvidia${i} c $(grep nvidia-frontend /proc/devices | cut -d \  -f 1) ${i}; done'' failed with exit code 1.
birž. 12 14:20:28 nixos kernel: input: HDA NVidia HDMI/DP,pcm=3 as /devices/pci0000:00/0000:00:01.0/0000:01:00.1/sound/card0/input15
birž. 12 14:20:28 nixos kernel: input: HDA NVidia HDMI/DP,pcm=7 as /devices/pci0000:00/0000:00:01.0/0000:01:00.1/sound/card0/input16
birž. 12 14:20:28 nixos kernel: input: HDA NVidia HDMI/DP,pcm=8 as /devices/pci0000:00/0000:00:01.0/0000:01:00.1/sound/card0/input17
birž. 12 14:20:28 nixos kernel: input: HDA NVidia HDMI/DP,pcm=9 as /devices/pci0000:00/0000:00:01.0/0000:01:00.1/sound/card0/input18
birž. 12 14:20:28 nixos kernel: ACPI Warning: \_SB.NPCF._DSM: Argument #4 type mismatch - Found [Buffer], ACPI requires [Package] (20220331/nsarguments-61)
birž. 12 14:20:28 nixos kernel: ACPI Warning: \_SB.PC00.PEG1.PEGP._DSM: Argument #4 type mismatch - Found [Buffer], ACPI requires [Package] (20220331/nsarguments-61)
birž. 12 14:20:28 nixos systemd[1]: Reached target Sound Card.
birž. 12 14:20:28 nixos kernel: sof-audio-pci-intel-tgl 0000:00:1f.3: DSP detected with PCI class/subclass/prog-if info 0x040100
birž. 12 14:20:28 nixos kernel: sof-audio-pci-intel-tgl 0000:00:1f.3: Digital mics found on Skylake+ platform, using SOF driver
birž. 12 14:20:28 nixos kernel: sof-audio-pci-intel-tgl 0000:00:1f.3: enabling device (0000 -> 0002)
birž. 12 14:20:28 nixos kernel: sof-audio-pci-intel-tgl 0000:00:1f.3: DSP detected with PCI class/subclass/prog-if 0x040100
birž. 12 14:20:28 nixos kernel: iwlwifi 0000:00:14.3: Detected RF HR B5, rfid=0x10a100
birž. 12 14:20:28 nixos kernel: iwlwifi 0000:00:14.3: base HW address: 28:6b:35:55:b0:4a
birž. 12 14:20:28 nixos kernel: iwlwifi 0000:00:14.3 wlo1: renamed from wlan0
birž. 12 14:20:28 nixos kernel: mc: Linux media interface: v0.10
birž. 12 14:20:28 nixos kernel: videodev: Linux video capture interface: v2.00
birž. 12 14:20:28 nixos kernel: Bluetooth: Core ver 2.22
birž. 12 14:20:28 nixos kernel: NET: Registered PF_BLUETOOTH protocol family
birž. 12 14:20:28 nixos kernel: Bluetooth: HCI device and connection manager initialized
birž. 12 14:20:28 nixos kernel: Bluetooth: HCI socket layer initialized
birž. 12 14:20:28 nixos kernel: Bluetooth: L2CAP socket layer initialized
birž. 12 14:20:28 nixos kernel: Bluetooth: SCO socket layer initialized
birž. 12 14:20:28 nixos kernel: usbcore: registered new interface driver btusb
birž. 12 14:20:28 nixos kernel: Bluetooth: hci0: Device revision is 2
birž. 12 14:20:28 nixos kernel: Bluetooth: hci0: Secure boot is enabled
birž. 12 14:20:28 nixos kernel: Bluetooth: hci0: OTP lock is enabled
birž. 12 14:20:28 nixos kernel: Bluetooth: hci0: API lock is enabled
birž. 12 14:20:28 nixos kernel: Bluetooth: hci0: Debug lock is disabled
birž. 12 14:20:28 nixos kernel: Bluetooth: hci0: Minimum firmware build 1 week 10 2014
birž. 12 14:20:28 nixos kernel: Bluetooth: hci0: Bootloader timestamp 2019.40 buildtype 1 build 38
birž. 12 14:20:28 nixos systemd[1]: Starting Load Kernel Module efi_pstore...
birž. 12 14:20:28 nixos kernel: Bluetooth: hci0: Found device firmware: intel/ibt-0040-4150.sfi
birž. 12 14:20:28 nixos kernel: Bluetooth: hci0: Boot Address: 0x100800
birž. 12 14:20:28 nixos kernel: Bluetooth: hci0: Firmware Version: 98-13.23
birž. 12 14:20:28 nixos kernel: usb 1-6: Found UVC 1.00 device HD Webcam (5986:211b)
birž. 12 14:20:28 nixos kernel: input: HD Webcam: HD Webcam as /devices/pci0000:00/0000:00:14.0/usb1/1-6/1-6:1.0/input/input19
birž. 12 14:20:28 nixos kernel: usbcore: registered new interface driver uvcvideo
birž. 12 14:20:29 nixos kernel: psmouse serio1: elantech: assuming hardware version 4 (with firmware version 0x4d5f01)
birž. 12 14:20:29 nixos kernel: psmouse serio1: elantech: Synaptics capabilities query result 0x11, 0x15, 0x0d.
birž. 12 14:20:29 nixos kernel: psmouse serio1: elantech: Elan sample query result 03, c0, 76
birž. 12 14:20:29 nixos systemd[1]: Rebuild Journal Catalog was skipped because of an unmet condition check (ConditionNeedsUpdate=/var).
birž. 12 14:20:29 nixos systemd[1]: Update is Completed was skipped because no trigger condition checks were met.
birž. 12 14:20:29 nixos systemd[1]: modprobe@efi_pstore.service: Deactivated successfully.
birž. 12 14:20:29 nixos systemd[1]: Finished Load Kernel Module efi_pstore.
birž. 12 14:20:29 nixos systemd[1]: Platform Persistent Storage Archival was skipped because of an unmet condition check (ConditionDirectoryNotEmpty=/sys/fs/pstore).
birž. 12 14:20:29 nixos kernel: input: ETPS/2 Elantech Touchpad as /devices/platform/i8042/serio1/input/input7
birž. 12 14:20:29 nixos systemd-modules-load[594]: Inserted module 'nvidia_drm'
birž. 12 14:20:29 nixos kernel: [drm] Initialized nvidia-drm 0.0.0 20160202 for 0000:01:00.0 on minor 0
birž. 12 14:20:29 nixos systemd-modules-load[594]: Inserted module 'uinput'
birž. 12 14:20:29 nixos systemd[1]: Finished Load Kernel Modules.
birž. 12 14:20:29 nixos systemd[1]: Starting Apply Kernel Variables...
birž. 12 14:20:29 nixos systemd[1]: Finished Apply Kernel Variables.
birž. 12 14:20:29 nixos systemd[1]: Reached target System Initialization.
birž. 12 14:20:29 nixos systemd[1]: Started logrotate.timer.
birž. 12 14:20:29 nixos systemd[1]: Started Daily Cleanup of Temporary Directories.
birž. 12 14:20:29 nixos systemd[1]: Reached target Timer Units.
birž. 12 14:20:29 nixos systemd[1]: Listening on CUPS Scheduler.
birž. 12 14:20:29 nixos systemd[1]: Listening on D-Bus System Message Bus Socket.
birž. 12 14:20:29 nixos systemd[1]: Listening on Nix Daemon Socket.
birž. 12 14:20:29 nixos systemd[1]: Reached target Socket Units.
birž. 12 14:20:29 nixos systemd[1]: Reached target Basic System.
birž. 12 14:20:29 nixos systemd[1]: Starting Network Manager Script Dispatcher Service...
birž. 12 14:20:29 nixos systemd[1]: Started ACPI Daemon.
birž. 12 14:20:29 nixos systemd[1]: Starting Store Sound Card State...
birž. 12 14:20:29 nixos systemd[1]: Starting Kernel Auditing...
birž. 12 14:20:29 nixos systemd[1]: Starting Bluetooth service...
birž. 12 14:20:29 nixos (uetoothd)[1075]: ConfigurationDirectory 'bluetooth' already exists but the mode is different. (File system: 755 ConfigurationDirectoryMode: 555)
birž. 12 14:20:29 nixos systemd[1]: Starting Logrotate configuration check...
birž. 12 14:20:29 nixos systemd[1]: Starting Name Service Cache Daemon (nsncd)...
birž. 12 14:20:29 nixos logrotate[1076]: warning: logrotate in debug mode does nothing except printing debug messages!  Consider using verbose mode (-v) instead if this is not what you want.
birž. 12 14:20:29 nixos logrotate[1076]: reading config file /nix/store/7fwznnli71f2i9lc9w4bcmwbkn78xwm5-logrotate.conf
birž. 12 14:20:29 nixos systemd[1]: Started Reset console on configuration changes.
birž. 12 14:20:29 nixos p26ipxx6nqryni6s48cw316ylcm520ia-audit-disable[1078]: No rules
birž. 12 14:20:29 nixos logrotate[1076]: note: 'monthly' overrides previously specified 'weekly'
birž. 12 14:20:29 nixos logrotate[1076]: Reading state from file: /var/lib/logrotate.status
birž. 12 14:20:29 nixos logrotate[1076]: Allocating hash table for state file, size 64 entries
birž. 12 14:20:29 nixos logrotate[1076]: Creating new state
birž. 12 14:20:29 nixos logrotate[1076]: Creating new state
birž. 12 14:20:29 nixos logrotate[1076]: Handling 2 logs
birž. 12 14:20:29 nixos logrotate[1076]: rotating pattern: "/var/log/btmp"  monthly (1 rotations)
birž. 12 14:20:29 nixos logrotate[1076]: empty log files are not rotated, only log files >= 1048576 bytes are rotated, old logs are removed
birž. 12 14:20:29 nixos logrotate[1076]: considering log /var/log/btmp
birž. 12 14:20:29 nixos logrotate[1076]:   Now: 2023-06-12 14:20
birž. 12 14:20:29 nixos logrotate[1076]:   Last rotated at 2023-06-08 13:00
birž. 12 14:20:29 nixos logrotate[1076]:   log does not need rotating (log has been rotated at 2023-06-08 13:00, which is less than a month ago)
birž. 12 14:20:29 nixos logrotate[1076]:   log does not need rotating ('minsize' directive is used and the log size is smaller than the minsize value)
birž. 12 14:20:29 nixos logrotate[1076]: rotating pattern: "/var/log/wtmp"  monthly (1 rotations)
birž. 12 14:20:29 nixos logrotate[1076]: empty log files are not rotated, only log files >= 1048576 bytes are rotated, old logs are removed
birž. 12 14:20:29 nixos logrotate[1076]: considering log /var/log/wtmp
birž. 12 14:20:29 nixos logrotate[1076]:   Now: 2023-06-12 14:20
birž. 12 14:20:29 nixos logrotate[1076]:   Last rotated at 2023-06-08 13:00
birž. 12 14:20:29 nixos logrotate[1076]:   log does not need rotating (log has been rotated at 2023-06-08 13:00, which is less than a month ago)
birž. 12 14:20:29 nixos logrotate[1076]:   log does not need rotating ('minsize' directive is used and the log size is smaller than the minsize value)
birž. 12 14:20:29 nixos systemd[1]: Starting resolvconf update...
birž. 12 14:20:29 nixos systemd[1]: Starting Virtual Machine and Container Registration Service...
birž. 12 14:20:29 nixos nsncd[1077]: Jun 12 14:20:29.450 INFO started, handoff_timeout: 3s, worker_count: 8, path: "/var/run/nscd/socket"
birž. 12 14:20:29 nixos bluetoothd[1075]: Bluetooth daemon 5.66
birž. 12 14:20:29 nixos systemd[1]: Finished Store Sound Card State.
birž. 12 14:20:29 nixos systemd[1]: Started Name Service Cache Daemon (nsncd).
birž. 12 14:20:29 nixos systemd[1]: Finished Kernel Auditing.
birž. 12 14:20:29 nixos systemd[1]: Finished Logrotate configuration check.
birž. 12 14:20:29 nixos systemd[1]: Finished resolvconf update.
birž. 12 14:20:29 nixos systemd[1]: Reached target Preparation for Network.
birž. 12 14:20:29 nixos kernel: [drm] Initialized i915 1.6.0 20201103 for 0000:00:02.0 on minor 1
birž. 12 14:20:29 nixos kernel: ACPI: video: Video Device [PEGP] (multi-head: no  rom: yes  post: no)
birž. 12 14:20:29 nixos kernel: input: Video Bus as /devices/LNXSYSTM:00/LNXSYBUS:00/PNP0A08:00/device:00/LNXVIDEO:00/input/input20
birž. 12 14:20:29 nixos systemd[1]: Reached target All Network Interfaces (deprecated).
birž. 12 14:20:29 nixos systemd[1]: Reached target Host and Network Name Lookups.
birž. 12 14:20:29 nixos systemd[1]: Reached target User and Group Name Lookups.
birž. 12 14:20:29 nixos kernel: ACPI: video: Video Device [GFX0] (multi-head: yes  rom: no  post: no)
birž. 12 14:20:29 nixos kernel: input: Video Bus as /devices/LNXSYSTM:00/LNXSYBUS:00/PNP0A08:00/LNXVIDEO:01/input/input21
birž. 12 14:20:29 nixos kernel: sof-audio-pci-intel-tgl 0000:00:1f.3: bound 0000:00:02.0 (ops i915_audio_component_bind_ops [i915])
birž. 12 14:20:29 nixos kernel: fbcon: i915drmfb (fb0) is primary device
birž. 12 14:20:29 nixos kernel: Console: switching to colour frame buffer device 240x67
birž. 12 14:20:29 nixos systemd[1]: Starting Accounts Service...
birž. 12 14:20:29 nixos kernel: i915 0000:00:02.0: [drm] fb0: i915drmfb frame buffer device
birž. 12 14:20:29 nixos systemd[1]: Starting D-Bus System Message Bus...
birž. 12 14:20:29 nixos systemd[1]: Starting Networking Setup...
birž. 12 14:20:29 nixos systemd[1]: Starting User Login Management...
birž. 12 14:20:29 nixos systemd-timesyncd[857]: Network configuration changed, trying to establish connection.
birž. 12 14:20:29 nixos dbus-daemon[1138]: dbus[1138]: Unknown username "nm-openconnect" in message bus configuration file
birž. 12 14:20:29 nixos acpid[1072]: starting up with netlink and the input layer
birž. 12 14:20:29 nixos acpid[1072]: 3 rules loaded
birž. 12 14:20:29 nixos acpid[1072]: waiting for events: event logging is off
birž. 12 14:20:29 nixos systemd[1]: Created slice Slice /system/systemd-backlight.
birž. 12 14:20:29 nixos systemd[1]: Starting Load/Save Screen Backlight Brightness of backlight:intel_backlight...
birž. 12 14:20:29 nixos kernel: sof-audio-pci-intel-tgl 0000:00:1f.3: use msi interrupt mode
birž. 12 14:20:29 nixos systemd-logind[1140]: New seat seat0.
birž. 12 14:20:29 nixos dbus-daemon[1138]: dbus[1138]: Unknown username "nm-openconnect" in message bus configuration file
birž. 12 14:20:29 nixos systemd-logind[1140]: Watching system buttons on /dev/input/event3 (Lid Switch)
birž. 12 14:20:29 nixos systemd-logind[1140]: Watching system buttons on /dev/input/event5 (Power Button)
birž. 12 14:20:29 nixos systemd-logind[1140]: Watching system buttons on /dev/input/event4 (Sleep Button)
birž. 12 14:20:29 nixos systemd-logind[1140]: Watching system buttons on /dev/input/event1 (Intel HID events)
birž. 12 14:20:29 nixos systemd-logind[1140]: Watching system buttons on /dev/input/event2 (Intel HID 5 button array)
birž. 12 14:20:29 nixos systemd-logind[1140]: Watching system buttons on /dev/input/event0 (AT Translated Set 2 keyboard)
birž. 12 14:20:29 nixos systemd[1]: Started User Login Management.
birž. 12 14:20:29 nixos systemd[1]: Finished Load/Save Screen Backlight Brightness of backlight:intel_backlight.
birž. 12 14:20:29 nixos kernel: sof-audio-pci-intel-tgl 0000:00:1f.3: hda codecs found, mask 5
birž. 12 14:20:29 nixos kernel: sof-audio-pci-intel-tgl 0000:00:1f.3: using HDA machine driver skl_hda_dsp_generic now
birž. 12 14:20:29 nixos kernel: sof-audio-pci-intel-tgl 0000:00:1f.3: DMICs detected in NHLT tables: 2
birž. 12 14:20:29 nixos systemd[1]: Finished Networking Setup.
birž. 12 14:20:29 nixos kernel: sof-audio-pci-intel-tgl 0000:00:1f.3: Firmware info: version 2:2:0-57864
birž. 12 14:20:29 nixos kernel: sof-audio-pci-intel-tgl 0000:00:1f.3: Firmware: ABI 3:22:1 Kernel ABI 3:23:0
birž. 12 14:20:29 nixos kernel: sof-audio-pci-intel-tgl 0000:00:1f.3: unknown sof_ext_man header type 3 size 0x30
birž. 12 14:20:29 nixos bluetoothd[1075]: Starting SDP server
birž. 12 14:20:29 nixos bluetoothd[1075]: profiles/audio/vcp.c:vcp_init() D-Bus experimental not enabled
birž. 12 14:20:29 nixos bluetoothd[1075]: src/plugin.c:plugin_init() Failed to init vcp plugin
birž. 12 14:20:29 nixos bluetoothd[1075]: profiles/audio/mcp.c:mcp_init() D-Bus experimental not enabled
birž. 12 14:20:29 nixos bluetoothd[1075]: src/plugin.c:plugin_init() Failed to init mcp plugin
